<html>
<body>
<pre>
<h1>礦ision Build Log</h1>
<h2>Tool Versions:</h2>
IDE-Version: μVision V5.14.0.0
Copyright (C) 2015 ARM Ltd and ARM Germany GmbH. All rights reserved.
License Information: 1 Microsoft, Microsoft, LIC=3UUFW-Q0ATX-GNXA5-G7R1H-UEXBE-7UHHR
 
Tool Versions:
Toolchain:       MDK-ARM Professional  Version: 5.14.0.0
Toolchain Path:  h:\Keil_v5\ARM\ARMCC\Bin
C Compiler:      Armcc.exe V5.05 update 1 (build 106)
Assembler:       Armasm.exe V5.05 update 1 (build 106)
Linker/Locator:  ArmLink.exe V5.05 update 1 (build 106)
Library Manager: ArmAr.exe V5.05 update 1 (build 106)
Hex Converter:   FromElf.exe V5.05 update 1 (build 106)
CPU DLL:         SARMCM3.DLL V5.14.0.0
Dialog DLL:      DCM.DLL V1.13.1.0
Target DLL:      CMSIS_AGDI.dll V1.21.0.0
Dialog DLL:      TCM.DLL V1.14.4.0
 
<h2>Project:</h2>
C:\Users\Administrator\Desktop\四轴开源资料\开源软件\Fly-UART\Fly.uvprojx
Project File Date:  12/14/2017

<h2>Output:</h2>
Build target 'Fly'
compiling main.c...
compiling GPIO.c...
compiling Sys.c...
compiling PWM.c...
compiling ADC.c...
compiling UART.c...
linking...
Program Size: Code=3720 RO-data=424 RW-data=60 ZI-data=1028  
FromELF: creating hex file...
".\Objects\Fly.axf" - 0 Error(s), 0 Warning(s).

<h2>Collection of Component include folders:</h2>
  C:\Users\Administrator\Desktop\四轴开源资料\开源软件\Fly-UART\RTE
  H:\Keil_v5\ARM\PACK\Keil\STM32F3xx_DFP\1.4.0

<h2>Collection of Component Files used:</h2>
</pre>
</body>
</html>
