Component: ARM Compiler 5.05 update 1 (build 106) Tool: armlink [4d0efa]

==============================================================================

Section Cross References

    main.o(i.main) refers to stm32f37x_misc.o(i.NVIC_PriorityGroupConfig) for NVIC_PriorityGroupConfig
    main.o(i.main) refers to sys.o(i.SysTick_Init) for SysTick_Init
    main.o(i.main) refers to gpio.o(i.Init_GPIO) for Init_GPIO
    main.o(i.main) refers to pwm.o(i.pwm_init) for pwm_init
    main.o(i.main) refers to adc.o(i.Init_ADC) for Init_ADC
    main.o(i.main) refers to uart.o(i.Init_Uart) for Init_Uart
    main.o(i.main) refers to adc.o(i.Get_Adc_Average) for Get_Adc_Average
    main.o(i.main) refers to main.o(.data) for ADC_Value
    sys.o(i.SysTick_Init) refers to stm32f37x_misc.o(i.SysTick_CLKSourceConfig) for SysTick_CLKSourceConfig
    sys.o(i.SysTick_Init) refers to system_stm32f37x.o(.data) for SystemCoreClock
    pwm.o(i.Tim12_init) refers to stm32f37x_rcc.o(i.RCC_APB1PeriphClockCmd) for RCC_APB1PeriphClockCmd
    pwm.o(i.Tim2_init) refers to stm32f37x_rcc.o(i.RCC_APB1PeriphClockCmd) for RCC_APB1PeriphClockCmd
    pwm.o(i.Tim5_init) refers to stm32f37x_rcc.o(i.RCC_APB1PeriphClockCmd) for RCC_APB1PeriphClockCmd
    pwm.o(i.pwm_init) refers to stm32f37x_gpio.o(i.GPIO_PinAFConfig) for GPIO_PinAFConfig
    pwm.o(i.pwm_init) refers to stm32f37x_gpio.o(i.GPIO_Init) for GPIO_Init
    pwm.o(i.pwm_init) refers to pwm.o(i.Tim2_init) for Tim2_init
    pwm.o(i.pwm_init) refers to pwm.o(i.Tim5_init) for Tim5_init
    pwm.o(i.pwm_init) refers to pwm.o(i.Tim12_init) for Tim12_init
    adc.o(i.Get_Adc) refers to stm32f37x_adc.o(i.ADC_RegularChannelConfig) for ADC_RegularChannelConfig
    adc.o(i.Get_Adc) refers to stm32f37x_adc.o(i.ADC_SoftwareStartConv) for ADC_SoftwareStartConv
    adc.o(i.Get_Adc) refers to stm32f37x_adc.o(i.ADC_GetFlagStatus) for ADC_GetFlagStatus
    adc.o(i.Get_Adc) refers to stm32f37x_adc.o(i.ADC_GetConversionValue) for ADC_GetConversionValue
    adc.o(i.Get_Adc_Average) refers to adc.o(i.Get_Adc) for Get_Adc
    adc.o(i.Get_Adc_Average) refers to sys.o(i.Delay_us) for Delay_us
    adc.o(i.Init_ADC) refers to stm32f37x_rcc.o(i.RCC_ADCCLKConfig) for RCC_ADCCLKConfig
    adc.o(i.Init_ADC) refers to stm32f37x_adc.o(i.ADC_DeInit) for ADC_DeInit
    adc.o(i.Init_ADC) refers to stm32f37x_rcc.o(i.RCC_APB2PeriphClockCmd) for RCC_APB2PeriphClockCmd
    adc.o(i.Init_ADC) refers to stm32f37x_adc.o(i.ADC_Init) for ADC_Init
    adc.o(i.Init_ADC) refers to stm32f37x_adc.o(i.ADC_RegularChannelConfig) for ADC_RegularChannelConfig
    adc.o(i.Init_ADC) refers to stm32f37x_adc.o(i.ADC_Cmd) for ADC_Cmd
    adc.o(i.Init_ADC) refers to stm32f37x_adc.o(i.ADC_ResetCalibration) for ADC_ResetCalibration
    adc.o(i.Init_ADC) refers to stm32f37x_adc.o(i.ADC_GetResetCalibrationStatus) for ADC_GetResetCalibrationStatus
    adc.o(i.Init_ADC) refers to stm32f37x_adc.o(i.ADC_StartCalibration) for ADC_StartCalibration
    adc.o(i.Init_ADC) refers to stm32f37x_adc.o(i.ADC_GetCalibrationStatus) for ADC_GetCalibrationStatus
    uart.o(i.Init_Uart) refers to stm32f37x_rcc.o(i.RCC_AHBPeriphClockCmd) for RCC_AHBPeriphClockCmd
    uart.o(i.Init_Uart) refers to stm32f37x_rcc.o(i.RCC_APB2PeriphClockCmd) for RCC_APB2PeriphClockCmd
    uart.o(i.Init_Uart) refers to stm32f37x_gpio.o(i.GPIO_PinAFConfig) for GPIO_PinAFConfig
    uart.o(i.Init_Uart) refers to stm32f37x_gpio.o(i.GPIO_Init) for GPIO_Init
    uart.o(i.Init_Uart) refers to stm32f37x_usart.o(i.USART_Init) for USART_Init
    uart.o(i.Init_Uart) refers to stm32f37x_misc.o(i.NVIC_Init) for NVIC_Init
    uart.o(i.Init_Uart) refers to stm32f37x_usart.o(i.USART_ITConfig) for USART_ITConfig
    uart.o(i.Init_Uart) refers to stm32f37x_usart.o(i.USART_Cmd) for USART_Cmd
    uart.o(i.USART1_IRQHandler) refers to stm32f37x_usart.o(i.USART_GetITStatus) for USART_GetITStatus
    uart.o(i.USART1_IRQHandler) refers to stm32f37x_usart.o(i.USART_ClearITPendingBit) for USART_ClearITPendingBit
    uart.o(i.uart1_send_byte) refers to stm32f37x_usart.o(i.USART_GetFlagStatus) for USART_GetFlagStatus
    uart.o(i.uart1_send_byte) refers to stm32f37x_usart.o(i.USART_SendData) for USART_SendData
    uart.o(i.uart1_send_nbyte) refers to uart.o(i.uart1_send_byte) for uart1_send_byte
    system_stm32f37x.o(i.SystemCoreClockUpdate) refers to system_stm32f37x.o(.data) for SystemCoreClock
    system_stm32f37x.o(i.SystemInit) refers to system_stm32f37x.o(i.SetSysClock) for SetSysClock
    startup_stm32f37x.o(RESET) refers to startup_stm32f37x.o(STACK) for __initial_sp
    startup_stm32f37x.o(RESET) refers to startup_stm32f37x.o(.text) for Reset_Handler
    startup_stm32f37x.o(RESET) refers to stm32f37x_it.o(i.NMI_Handler) for NMI_Handler
    startup_stm32f37x.o(RESET) refers to stm32f37x_it.o(i.HardFault_Handler) for HardFault_Handler
    startup_stm32f37x.o(RESET) refers to stm32f37x_it.o(i.MemManage_Handler) for MemManage_Handler
    startup_stm32f37x.o(RESET) refers to stm32f37x_it.o(i.BusFault_Handler) for BusFault_Handler
    startup_stm32f37x.o(RESET) refers to stm32f37x_it.o(i.UsageFault_Handler) for UsageFault_Handler
    startup_stm32f37x.o(RESET) refers to stm32f37x_it.o(i.SVC_Handler) for SVC_Handler
    startup_stm32f37x.o(RESET) refers to stm32f37x_it.o(i.DebugMon_Handler) for DebugMon_Handler
    startup_stm32f37x.o(RESET) refers to stm32f37x_it.o(i.PendSV_Handler) for PendSV_Handler
    startup_stm32f37x.o(RESET) refers to stm32f37x_it.o(i.SysTick_Handler) for SysTick_Handler
    startup_stm32f37x.o(RESET) refers to uart.o(i.USART1_IRQHandler) for USART1_IRQHandler
    startup_stm32f37x.o(.text) refers to system_stm32f37x.o(i.SystemInit) for SystemInit
    startup_stm32f37x.o(.text) refers to entry.o(.ARM.Collect$$$$00000000) for __main
    stm32f37x_adc.o(i.ADC_DeInit) refers to stm32f37x_rcc.o(i.RCC_APB2PeriphResetCmd) for RCC_APB2PeriphResetCmd
    stm32f37x_can.o(i.CAN_DeInit) refers to stm32f37x_rcc.o(i.RCC_APB1PeriphResetCmd) for RCC_APB1PeriphResetCmd
    stm32f37x_can.o(i.CAN_GetITStatus) refers to stm32f37x_can.o(i.CheckITStatus) for CheckITStatus
    stm32f37x_cec.o(i.CEC_DeInit) refers to stm32f37x_rcc.o(i.RCC_APB1PeriphResetCmd) for RCC_APB1PeriphResetCmd
    stm32f37x_dac.o(i.DAC_DeInit) refers to stm32f37x_rcc.o(i.RCC_APB1PeriphResetCmd) for RCC_APB1PeriphResetCmd
    stm32f37x_flash.o(i.FLASH_EraseAllPages) refers to stm32f37x_flash.o(i.FLASH_WaitForLastOperation) for FLASH_WaitForLastOperation
    stm32f37x_flash.o(i.FLASH_ErasePage) refers to stm32f37x_flash.o(i.FLASH_WaitForLastOperation) for FLASH_WaitForLastOperation
    stm32f37x_flash.o(i.FLASH_OB_BOOTConfig) refers to stm32f37x_flash.o(i.FLASH_WaitForLastOperation) for FLASH_WaitForLastOperation
    stm32f37x_flash.o(i.FLASH_OB_EnableWRP) refers to stm32f37x_flash.o(i.FLASH_WaitForLastOperation) for FLASH_WaitForLastOperation
    stm32f37x_flash.o(i.FLASH_OB_Erase) refers to stm32f37x_flash.o(i.FLASH_OB_GetRDP) for FLASH_OB_GetRDP
    stm32f37x_flash.o(i.FLASH_OB_Erase) refers to stm32f37x_flash.o(i.FLASH_WaitForLastOperation) for FLASH_WaitForLastOperation
    stm32f37x_flash.o(i.FLASH_OB_ProgramData) refers to stm32f37x_flash.o(i.FLASH_WaitForLastOperation) for FLASH_WaitForLastOperation
    stm32f37x_flash.o(i.FLASH_OB_RDPConfig) refers to stm32f37x_flash.o(i.FLASH_WaitForLastOperation) for FLASH_WaitForLastOperation
    stm32f37x_flash.o(i.FLASH_OB_SRAMParityConfig) refers to stm32f37x_flash.o(i.FLASH_WaitForLastOperation) for FLASH_WaitForLastOperation
    stm32f37x_flash.o(i.FLASH_OB_UserConfig) refers to stm32f37x_flash.o(i.FLASH_WaitForLastOperation) for FLASH_WaitForLastOperation
    stm32f37x_flash.o(i.FLASH_OB_VDDAConfig) refers to stm32f37x_flash.o(i.FLASH_WaitForLastOperation) for FLASH_WaitForLastOperation
    stm32f37x_flash.o(i.FLASH_OB_VDD_SD12Config) refers to stm32f37x_flash.o(i.FLASH_WaitForLastOperation) for FLASH_WaitForLastOperation
    stm32f37x_flash.o(i.FLASH_OB_WriteUser) refers to stm32f37x_flash.o(i.FLASH_WaitForLastOperation) for FLASH_WaitForLastOperation
    stm32f37x_flash.o(i.FLASH_ProgramHalfWord) refers to stm32f37x_flash.o(i.FLASH_WaitForLastOperation) for FLASH_WaitForLastOperation
    stm32f37x_flash.o(i.FLASH_ProgramWord) refers to stm32f37x_flash.o(i.FLASH_WaitForLastOperation) for FLASH_WaitForLastOperation
    stm32f37x_flash.o(i.FLASH_WaitForLastOperation) refers to stm32f37x_flash.o(i.FLASH_GetStatus) for FLASH_GetStatus
    stm32f37x_gpio.o(i.GPIO_DeInit) refers to stm32f37x_rcc.o(i.RCC_AHBPeriphResetCmd) for RCC_AHBPeriphResetCmd
    stm32f37x_i2c.o(i.I2C_DeInit) refers to stm32f37x_rcc.o(i.RCC_APB1PeriphResetCmd) for RCC_APB1PeriphResetCmd
    stm32f37x_pwr.o(i.PWR_DeInit) refers to stm32f37x_rcc.o(i.RCC_APB1PeriphResetCmd) for RCC_APB1PeriphResetCmd
    stm32f37x_rcc.o(i.RCC_GetClocksFreq) refers to stm32f37x_rcc.o(.data) for APBAHBPrescTable
    stm32f37x_rcc.o(i.RCC_WaitForHSEStartUp) refers to stm32f37x_rcc.o(i.RCC_GetFlagStatus) for RCC_GetFlagStatus
    stm32f37x_rtc.o(i.RTC_DeInit) refers to stm32f37x_rtc.o(i.RTC_EnterInitMode) for RTC_EnterInitMode
    stm32f37x_rtc.o(i.RTC_DeInit) refers to stm32f37x_rtc.o(i.RTC_WaitForSynchro) for RTC_WaitForSynchro
    stm32f37x_rtc.o(i.RTC_GetAlarm) refers to stm32f37x_rtc.o(i.RTC_Bcd2ToByte) for RTC_Bcd2ToByte
    stm32f37x_rtc.o(i.RTC_GetDate) refers to stm32f37x_rtc.o(i.RTC_Bcd2ToByte) for RTC_Bcd2ToByte
    stm32f37x_rtc.o(i.RTC_GetTime) refers to stm32f37x_rtc.o(i.RTC_Bcd2ToByte) for RTC_Bcd2ToByte
    stm32f37x_rtc.o(i.RTC_GetTimeStamp) refers to stm32f37x_rtc.o(i.RTC_Bcd2ToByte) for RTC_Bcd2ToByte
    stm32f37x_rtc.o(i.RTC_Init) refers to stm32f37x_rtc.o(i.RTC_EnterInitMode) for RTC_EnterInitMode
    stm32f37x_rtc.o(i.RTC_Init) refers to stm32f37x_rtc.o(i.RTC_ExitInitMode) for RTC_ExitInitMode
    stm32f37x_rtc.o(i.RTC_RefClockCmd) refers to stm32f37x_rtc.o(i.RTC_EnterInitMode) for RTC_EnterInitMode
    stm32f37x_rtc.o(i.RTC_RefClockCmd) refers to stm32f37x_rtc.o(i.RTC_ExitInitMode) for RTC_ExitInitMode
    stm32f37x_rtc.o(i.RTC_SetAlarm) refers to stm32f37x_rtc.o(i.RTC_Bcd2ToByte) for RTC_Bcd2ToByte
    stm32f37x_rtc.o(i.RTC_SetAlarm) refers to stm32f37x_rtc.o(i.RTC_ByteToBcd2) for RTC_ByteToBcd2
    stm32f37x_rtc.o(i.RTC_SetDate) refers to stm32f37x_rtc.o(i.RTC_Bcd2ToByte) for RTC_Bcd2ToByte
    stm32f37x_rtc.o(i.RTC_SetDate) refers to stm32f37x_rtc.o(i.RTC_ByteToBcd2) for RTC_ByteToBcd2
    stm32f37x_rtc.o(i.RTC_SetDate) refers to stm32f37x_rtc.o(i.RTC_EnterInitMode) for RTC_EnterInitMode
    stm32f37x_rtc.o(i.RTC_SetDate) refers to stm32f37x_rtc.o(i.RTC_ExitInitMode) for RTC_ExitInitMode
    stm32f37x_rtc.o(i.RTC_SetDate) refers to stm32f37x_rtc.o(i.RTC_WaitForSynchro) for RTC_WaitForSynchro
    stm32f37x_rtc.o(i.RTC_SetTime) refers to stm32f37x_rtc.o(i.RTC_Bcd2ToByte) for RTC_Bcd2ToByte
    stm32f37x_rtc.o(i.RTC_SetTime) refers to stm32f37x_rtc.o(i.RTC_ByteToBcd2) for RTC_ByteToBcd2
    stm32f37x_rtc.o(i.RTC_SetTime) refers to stm32f37x_rtc.o(i.RTC_EnterInitMode) for RTC_EnterInitMode
    stm32f37x_rtc.o(i.RTC_SetTime) refers to stm32f37x_rtc.o(i.RTC_ExitInitMode) for RTC_ExitInitMode
    stm32f37x_rtc.o(i.RTC_SetTime) refers to stm32f37x_rtc.o(i.RTC_WaitForSynchro) for RTC_WaitForSynchro
    stm32f37x_rtc.o(i.RTC_SynchroShiftConfig) refers to stm32f37x_rtc.o(i.RTC_WaitForSynchro) for RTC_WaitForSynchro
    stm32f37x_sdadc.o(i.SDADC_DeInit) refers to stm32f37x_rcc.o(i.RCC_APB2PeriphResetCmd) for RCC_APB2PeriphResetCmd
    stm32f37x_spi.o(i.I2S_Init) refers to stm32f37x_rcc.o(i.RCC_GetClocksFreq) for RCC_GetClocksFreq
    stm32f37x_spi.o(i.SPI_I2S_DeInit) refers to stm32f37x_rcc.o(i.RCC_APB2PeriphResetCmd) for RCC_APB2PeriphResetCmd
    stm32f37x_spi.o(i.SPI_I2S_DeInit) refers to stm32f37x_rcc.o(i.RCC_APB1PeriphResetCmd) for RCC_APB1PeriphResetCmd
    stm32f37x_tim.o(i.TIM_DeInit) refers to stm32f37x_rcc.o(i.RCC_APB1PeriphResetCmd) for RCC_APB1PeriphResetCmd
    stm32f37x_tim.o(i.TIM_DeInit) refers to stm32f37x_rcc.o(i.RCC_APB2PeriphResetCmd) for RCC_APB2PeriphResetCmd
    stm32f37x_tim.o(i.TIM_ETRClockMode1Config) refers to stm32f37x_tim.o(i.TIM_ETRConfig) for TIM_ETRConfig
    stm32f37x_tim.o(i.TIM_ETRClockMode2Config) refers to stm32f37x_tim.o(i.TIM_ETRConfig) for TIM_ETRConfig
    stm32f37x_tim.o(i.TIM_ICInit) refers to stm32f37x_tim.o(i.TI1_Config) for TI1_Config
    stm32f37x_tim.o(i.TIM_ICInit) refers to stm32f37x_tim.o(i.TIM_SetIC1Prescaler) for TIM_SetIC1Prescaler
    stm32f37x_tim.o(i.TIM_ICInit) refers to stm32f37x_tim.o(i.TI2_Config) for TI2_Config
    stm32f37x_tim.o(i.TIM_ICInit) refers to stm32f37x_tim.o(i.TIM_SetIC2Prescaler) for TIM_SetIC2Prescaler
    stm32f37x_tim.o(i.TIM_ICInit) refers to stm32f37x_tim.o(i.TI3_Config) for TI3_Config
    stm32f37x_tim.o(i.TIM_ICInit) refers to stm32f37x_tim.o(i.TIM_SetIC3Prescaler) for TIM_SetIC3Prescaler
    stm32f37x_tim.o(i.TIM_ICInit) refers to stm32f37x_tim.o(i.TI4_Config) for TI4_Config
    stm32f37x_tim.o(i.TIM_ICInit) refers to stm32f37x_tim.o(i.TIM_SetIC4Prescaler) for TIM_SetIC4Prescaler
    stm32f37x_tim.o(i.TIM_ITRxExternalClockConfig) refers to stm32f37x_tim.o(i.TIM_SelectInputTrigger) for TIM_SelectInputTrigger
    stm32f37x_tim.o(i.TIM_PWMIConfig) refers to stm32f37x_tim.o(i.TI1_Config) for TI1_Config
    stm32f37x_tim.o(i.TIM_PWMIConfig) refers to stm32f37x_tim.o(i.TIM_SetIC1Prescaler) for TIM_SetIC1Prescaler
    stm32f37x_tim.o(i.TIM_PWMIConfig) refers to stm32f37x_tim.o(i.TI2_Config) for TI2_Config
    stm32f37x_tim.o(i.TIM_PWMIConfig) refers to stm32f37x_tim.o(i.TIM_SetIC2Prescaler) for TIM_SetIC2Prescaler
    stm32f37x_tim.o(i.TIM_TIxExternalClockConfig) refers to stm32f37x_tim.o(i.TI2_Config) for TI2_Config
    stm32f37x_tim.o(i.TIM_TIxExternalClockConfig) refers to stm32f37x_tim.o(i.TI1_Config) for TI1_Config
    stm32f37x_tim.o(i.TIM_TIxExternalClockConfig) refers to stm32f37x_tim.o(i.TIM_SelectInputTrigger) for TIM_SelectInputTrigger
    stm32f37x_usart.o(i.USART_DeInit) refers to stm32f37x_rcc.o(i.RCC_APB2PeriphResetCmd) for RCC_APB2PeriphResetCmd
    stm32f37x_usart.o(i.USART_DeInit) refers to stm32f37x_rcc.o(i.RCC_APB1PeriphResetCmd) for RCC_APB1PeriphResetCmd
    stm32f37x_usart.o(i.USART_Init) refers to stm32f37x_rcc.o(i.RCC_GetClocksFreq) for RCC_GetClocksFreq
    stm32f37x_wwdg.o(i.WWDG_DeInit) refers to stm32f37x_rcc.o(i.RCC_APB1PeriphResetCmd) for RCC_APB1PeriphResetCmd
    entry.o(.ARM.Collect$$$$00000000) refers (Special) to entry10a.o(.ARM.Collect$$$$0000000D) for __rt_final_cpp
    entry.o(.ARM.Collect$$$$00000000) refers (Special) to entry11a.o(.ARM.Collect$$$$0000000F) for __rt_final_exit
    entry.o(.ARM.Collect$$$$00000000) refers (Special) to entry7b.o(.ARM.Collect$$$$00000008) for _main_clock
    entry.o(.ARM.Collect$$$$00000000) refers (Special) to entry8b.o(.ARM.Collect$$$$0000000A) for _main_cpp_init
    entry.o(.ARM.Collect$$$$00000000) refers (Special) to entry9a.o(.ARM.Collect$$$$0000000B) for _main_init
    entry.o(.ARM.Collect$$$$00000000) refers (Special) to entry5.o(.ARM.Collect$$$$00000004) for _main_scatterload
    entry.o(.ARM.Collect$$$$00000000) refers (Special) to entry2.o(.ARM.Collect$$$$00000001) for _main_stk
    entry2.o(.ARM.Collect$$$$00000001) refers to entry2.o(.ARM.Collect$$$$00002712) for __lit__00000000
    entry2.o(.ARM.Collect$$$$00002712) refers to startup_stm32f37x.o(STACK) for __initial_sp
    entry2.o(__vectab_stack_and_reset_area) refers to startup_stm32f37x.o(STACK) for __initial_sp
    entry2.o(__vectab_stack_and_reset_area) refers to entry.o(.ARM.Collect$$$$00000000) for __main
    entry5.o(.ARM.Collect$$$$00000004) refers to init.o(.text) for __scatterload
    entry9a.o(.ARM.Collect$$$$0000000B) refers to main.o(i.main) for main
    entry9b.o(.ARM.Collect$$$$0000000C) refers to main.o(i.main) for main
    init.o(.text) refers to entry5.o(.ARM.Collect$$$$00000004) for __main_after_scatterload


==============================================================================

Removing Unused input sections from the image.

    Removing main.o(.rev16_text), (4 bytes).
    Removing main.o(.revsh_text), (4 bytes).
    Removing stm32f37x_it.o(.rev16_text), (4 bytes).
    Removing stm32f37x_it.o(.revsh_text), (4 bytes).
    Removing gpio.o(.rev16_text), (4 bytes).
    Removing gpio.o(.revsh_text), (4 bytes).
    Removing sys.o(.rev16_text), (4 bytes).
    Removing sys.o(.revsh_text), (4 bytes).
    Removing pwm.o(.rev16_text), (4 bytes).
    Removing pwm.o(.revsh_text), (4 bytes).
    Removing adc.o(.rev16_text), (4 bytes).
    Removing adc.o(.revsh_text), (4 bytes).
    Removing uart.o(.rev16_text), (4 bytes).
    Removing uart.o(.revsh_text), (4 bytes).
    Removing uart.o(i.uart1_send_byte), (32 bytes).
    Removing uart.o(i.uart1_send_nbyte), (26 bytes).
    Removing system_stm32f37x.o(.rev16_text), (4 bytes).
    Removing system_stm32f37x.o(.revsh_text), (4 bytes).
    Removing system_stm32f37x.o(i.SystemCoreClockUpdate), (164 bytes).
    Removing startup_stm32f37x.o(HEAP), (512 bytes).
    Removing stm32f37x_adc.o(.rev16_text), (4 bytes).
    Removing stm32f37x_adc.o(.revsh_text), (4 bytes).
    Removing stm32f37x_adc.o(i.ADC_AnalogWatchdogCmd), (20 bytes).
    Removing stm32f37x_adc.o(i.ADC_AnalogWatchdogSingleChannelConfig), (16 bytes).
    Removing stm32f37x_adc.o(i.ADC_AnalogWatchdogThresholdsConfig), (6 bytes).
    Removing stm32f37x_adc.o(i.ADC_AutoInjectedConvCmd), (22 bytes).
    Removing stm32f37x_adc.o(i.ADC_ClearFlag), (6 bytes).
    Removing stm32f37x_adc.o(i.ADC_ClearITPendingBit), (10 bytes).
    Removing stm32f37x_adc.o(i.ADC_ContinuousModeCmd), (22 bytes).
    Removing stm32f37x_adc.o(i.ADC_DMACmd), (22 bytes).
    Removing stm32f37x_adc.o(i.ADC_DiscModeChannelCountConfig), (24 bytes).
    Removing stm32f37x_adc.o(i.ADC_DiscModeCmd), (22 bytes).
    Removing stm32f37x_adc.o(i.ADC_ExternalTrigConvCmd), (22 bytes).
    Removing stm32f37x_adc.o(i.ADC_ExternalTrigInjectedConvCmd), (22 bytes).
    Removing stm32f37x_adc.o(i.ADC_ExternalTrigInjectedConvConfig), (16 bytes).
    Removing stm32f37x_adc.o(i.ADC_GetITStatus), (36 bytes).
    Removing stm32f37x_adc.o(i.ADC_GetInjectedConversionValue), (28 bytes).
    Removing stm32f37x_adc.o(i.ADC_GetSoftwareStartConvStatus), (20 bytes).
    Removing stm32f37x_adc.o(i.ADC_GetSoftwareStartInjectedConvCmdStatus), (20 bytes).
    Removing stm32f37x_adc.o(i.ADC_ITConfig), (24 bytes).
    Removing stm32f37x_adc.o(i.ADC_InjectedChannelConfig), (130 bytes).
    Removing stm32f37x_adc.o(i.ADC_InjectedDiscModeCmd), (22 bytes).
    Removing stm32f37x_adc.o(i.ADC_InjectedSequencerLengthConfig), (24 bytes).
    Removing stm32f37x_adc.o(i.ADC_SetInjectedOffset), (20 bytes).
    Removing stm32f37x_adc.o(i.ADC_SoftwareStartInjectedConvCmd), (22 bytes).
    Removing stm32f37x_adc.o(i.ADC_StructInit), (16 bytes).
    Removing stm32f37x_adc.o(i.ADC_TempSensorVrefintCmd), (36 bytes).
    Removing stm32f37x_can.o(.rev16_text), (4 bytes).
    Removing stm32f37x_can.o(.revsh_text), (4 bytes).
    Removing stm32f37x_can.o(i.CAN_CancelTransmit), (48 bytes).
    Removing stm32f37x_can.o(i.CAN_ClearFlag), (56 bytes).
    Removing stm32f37x_can.o(i.CAN_ClearITPendingBit), (168 bytes).
    Removing stm32f37x_can.o(i.CAN_DBGFreeze), (22 bytes).
    Removing stm32f37x_can.o(i.CAN_DeInit), (36 bytes).
    Removing stm32f37x_can.o(i.CAN_FIFORelease), (22 bytes).
    Removing stm32f37x_can.o(i.CAN_FilterInit), (264 bytes).
    Removing stm32f37x_can.o(i.CAN_GetFlagStatus), (120 bytes).
    Removing stm32f37x_can.o(i.CAN_GetITStatus), (288 bytes).
    Removing stm32f37x_can.o(i.CAN_GetLSBTransmitErrorCounter), (12 bytes).
    Removing stm32f37x_can.o(i.CAN_GetLastErrorCode), (12 bytes).
    Removing stm32f37x_can.o(i.CAN_GetReceiveErrorCounter), (10 bytes).
    Removing stm32f37x_can.o(i.CAN_ITConfig), (18 bytes).
    Removing stm32f37x_can.o(i.CAN_Init), (276 bytes).
    Removing stm32f37x_can.o(i.CAN_MessagePending), (30 bytes).
    Removing stm32f37x_can.o(i.CAN_OperatingModeRequest), (162 bytes).
    Removing stm32f37x_can.o(i.CAN_Receive), (240 bytes).
    Removing stm32f37x_can.o(i.CAN_SlaveStartBank), (52 bytes).
    Removing stm32f37x_can.o(i.CAN_Sleep), (30 bytes).
    Removing stm32f37x_can.o(i.CAN_StructInit), (32 bytes).
    Removing stm32f37x_can.o(i.CAN_TTComModeCmd), (118 bytes).
    Removing stm32f37x_can.o(i.CAN_Transmit), (294 bytes).
    Removing stm32f37x_can.o(i.CAN_TransmitStatus), (160 bytes).
    Removing stm32f37x_can.o(i.CAN_WakeUp), (48 bytes).
    Removing stm32f37x_can.o(i.CheckITStatus), (18 bytes).
    Removing stm32f37x_cec.o(.rev16_text), (4 bytes).
    Removing stm32f37x_cec.o(.revsh_text), (4 bytes).
    Removing stm32f37x_cec.o(i.CEC_ClearFlag), (12 bytes).
    Removing stm32f37x_cec.o(i.CEC_ClearITPendingBit), (12 bytes).
    Removing stm32f37x_cec.o(i.CEC_Cmd), (12 bytes).
    Removing stm32f37x_cec.o(i.CEC_DeInit), (22 bytes).
    Removing stm32f37x_cec.o(i.CEC_EndOfMessage), (12 bytes).
    Removing stm32f37x_cec.o(i.CEC_GetFlagStatus), (24 bytes).
    Removing stm32f37x_cec.o(i.CEC_GetITStatus), (40 bytes).
    Removing stm32f37x_cec.o(i.CEC_ITConfig), (36 bytes).
    Removing stm32f37x_cec.o(i.CEC_Init), (52 bytes).
    Removing stm32f37x_cec.o(i.CEC_ListenModeCmd), (12 bytes).
    Removing stm32f37x_cec.o(i.CEC_OwnAddressClear), (12 bytes).
    Removing stm32f37x_cec.o(i.CEC_OwnAddressConfig), (28 bytes).
    Removing stm32f37x_cec.o(i.CEC_ReceiveData), (12 bytes).
    Removing stm32f37x_cec.o(i.CEC_SendData), (12 bytes).
    Removing stm32f37x_cec.o(i.CEC_StartOfMessage), (12 bytes).
    Removing stm32f37x_cec.o(i.CEC_StructInit), (18 bytes).
    Removing stm32f37x_comp.o(.rev16_text), (4 bytes).
    Removing stm32f37x_comp.o(.revsh_text), (4 bytes).
    Removing stm32f37x_comp.o(i.COMP_Cmd), (40 bytes).
    Removing stm32f37x_comp.o(i.COMP_DeInit), (12 bytes).
    Removing stm32f37x_comp.o(i.COMP_GetOutputLevel), (32 bytes).
    Removing stm32f37x_comp.o(i.COMP_Init), (48 bytes).
    Removing stm32f37x_comp.o(i.COMP_LockConfig), (24 bytes).
    Removing stm32f37x_comp.o(i.COMP_StructInit), (16 bytes).
    Removing stm32f37x_comp.o(i.COMP_SwitchCmd), (36 bytes).
    Removing stm32f37x_comp.o(i.COMP_WindowCmd), (36 bytes).
    Removing stm32f37x_crc.o(.rev16_text), (4 bytes).
    Removing stm32f37x_crc.o(.revsh_text), (4 bytes).
    Removing stm32f37x_crc.o(i.CRC_CalcBlockCRC), (36 bytes).
    Removing stm32f37x_crc.o(i.CRC_CalcCRC), (16 bytes).
    Removing stm32f37x_crc.o(i.CRC_CalcCRC16bits), (16 bytes).
    Removing stm32f37x_crc.o(i.CRC_CalcCRC8bits), (16 bytes).
    Removing stm32f37x_crc.o(i.CRC_DeInit), (36 bytes).
    Removing stm32f37x_crc.o(i.CRC_GetCRC), (12 bytes).
    Removing stm32f37x_crc.o(i.CRC_GetIDRegister), (12 bytes).
    Removing stm32f37x_crc.o(i.CRC_PolynomialSizeSelect), (24 bytes).
    Removing stm32f37x_crc.o(i.CRC_ResetDR), (20 bytes).
    Removing stm32f37x_crc.o(i.CRC_ReverseInputDataSelect), (24 bytes).
    Removing stm32f37x_crc.o(i.CRC_ReverseOutputDataCmd), (36 bytes).
    Removing stm32f37x_crc.o(i.CRC_SetIDRegister), (12 bytes).
    Removing stm32f37x_crc.o(i.CRC_SetInitRegister), (12 bytes).
    Removing stm32f37x_crc.o(i.CRC_SetPolynomial), (12 bytes).
    Removing stm32f37x_dac.o(.rev16_text), (4 bytes).
    Removing stm32f37x_dac.o(.revsh_text), (4 bytes).
    Removing stm32f37x_dac.o(i.DAC_ClearFlag), (8 bytes).
    Removing stm32f37x_dac.o(i.DAC_ClearITPendingBit), (8 bytes).
    Removing stm32f37x_dac.o(i.DAC_Cmd), (28 bytes).
    Removing stm32f37x_dac.o(i.DAC_DMACmd), (32 bytes).
    Removing stm32f37x_dac.o(i.DAC_DeInit), (56 bytes).
    Removing stm32f37x_dac.o(i.DAC_DualSoftwareTriggerCmd), (22 bytes).
    Removing stm32f37x_dac.o(i.DAC_GetDataOutputValue), (30 bytes).
    Removing stm32f37x_dac.o(i.DAC_GetFlagStatus), (24 bytes).
    Removing stm32f37x_dac.o(i.DAC_GetITStatus), (38 bytes).
    Removing stm32f37x_dac.o(i.DAC_ITConfig), (28 bytes).
    Removing stm32f37x_dac.o(i.DAC_Init), (42 bytes).
    Removing stm32f37x_dac.o(i.DAC_SetChannel1Data), (24 bytes).
    Removing stm32f37x_dac.o(i.DAC_SetChannel2Data), (24 bytes).
    Removing stm32f37x_dac.o(i.DAC_SetDualChannelData), (32 bytes).
    Removing stm32f37x_dac.o(i.DAC_SoftwareTriggerCmd), (32 bytes).
    Removing stm32f37x_dac.o(i.DAC_StructInit), (12 bytes).
    Removing stm32f37x_dac.o(i.DAC_WaveGenerationCmd), (28 bytes).
    Removing stm32f37x_dbgmcu.o(.rev16_text), (4 bytes).
    Removing stm32f37x_dbgmcu.o(.revsh_text), (4 bytes).
    Removing stm32f37x_dbgmcu.o(i.DBGMCU_APB1PeriphConfig), (32 bytes).
    Removing stm32f37x_dbgmcu.o(i.DBGMCU_APB2PeriphConfig), (32 bytes).
    Removing stm32f37x_dbgmcu.o(i.DBGMCU_Config), (32 bytes).
    Removing stm32f37x_dbgmcu.o(i.DBGMCU_GetDEVID), (16 bytes).
    Removing stm32f37x_dbgmcu.o(i.DBGMCU_GetREVID), (12 bytes).
    Removing stm32f37x_dma.o(.rev16_text), (4 bytes).
    Removing stm32f37x_dma.o(.revsh_text), (4 bytes).
    Removing stm32f37x_dma.o(i.DMA_ClearFlag), (28 bytes).
    Removing stm32f37x_dma.o(i.DMA_ClearITPendingBit), (28 bytes).
    Removing stm32f37x_dma.o(i.DMA_Cmd), (24 bytes).
    Removing stm32f37x_dma.o(i.DMA_DeInit), (332 bytes).
    Removing stm32f37x_dma.o(i.DMA_GetCurrDataCounter), (8 bytes).
    Removing stm32f37x_dma.o(i.DMA_GetFlagStatus), (44 bytes).
    Removing stm32f37x_dma.o(i.DMA_GetITStatus), (44 bytes).
    Removing stm32f37x_dma.o(i.DMA_ITConfig), (18 bytes).
    Removing stm32f37x_dma.o(i.DMA_Init), (60 bytes).
    Removing stm32f37x_dma.o(i.DMA_SetCurrDataCounter), (4 bytes).
    Removing stm32f37x_dma.o(i.DMA_StructInit), (26 bytes).
    Removing stm32f37x_exti.o(.rev16_text), (4 bytes).
    Removing stm32f37x_exti.o(.revsh_text), (4 bytes).
    Removing stm32f37x_exti.o(i.EXTI_ClearFlag), (12 bytes).
    Removing stm32f37x_exti.o(i.EXTI_ClearITPendingBit), (12 bytes).
    Removing stm32f37x_exti.o(i.EXTI_DeInit), (40 bytes).
    Removing stm32f37x_exti.o(i.EXTI_GenerateSWInterrupt), (16 bytes).
    Removing stm32f37x_exti.o(i.EXTI_GetFlagStatus), (24 bytes).
    Removing stm32f37x_exti.o(i.EXTI_GetITStatus), (40 bytes).
    Removing stm32f37x_exti.o(i.EXTI_Init), (148 bytes).
    Removing stm32f37x_exti.o(i.EXTI_StructInit), (16 bytes).
    Removing stm32f37x_flash.o(.rev16_text), (4 bytes).
    Removing stm32f37x_flash.o(.revsh_text), (4 bytes).
    Removing stm32f37x_flash.o(i.FLASH_ClearFlag), (12 bytes).
    Removing stm32f37x_flash.o(i.FLASH_EraseAllPages), (72 bytes).
    Removing stm32f37x_flash.o(i.FLASH_ErasePage), (76 bytes).
    Removing stm32f37x_flash.o(i.FLASH_GetFlagStatus), (24 bytes).
    Removing stm32f37x_flash.o(i.FLASH_GetStatus), (52 bytes).
    Removing stm32f37x_flash.o(i.FLASH_HalfCycleAccessCmd), (36 bytes).
    Removing stm32f37x_flash.o(i.FLASH_ITConfig), (32 bytes).
    Removing stm32f37x_flash.o(i.FLASH_Lock), (20 bytes).
    Removing stm32f37x_flash.o(i.FLASH_OB_BOOTConfig), (80 bytes).
    Removing stm32f37x_flash.o(i.FLASH_OB_EnableWRP), (188 bytes).
    Removing stm32f37x_flash.o(i.FLASH_OB_Erase), (148 bytes).
    Removing stm32f37x_flash.o(i.FLASH_OB_GetRDP), (24 bytes).
    Removing stm32f37x_flash.o(i.FLASH_OB_GetUser), (16 bytes).
    Removing stm32f37x_flash.o(i.FLASH_OB_GetWRP), (12 bytes).
    Removing stm32f37x_flash.o(i.FLASH_OB_Launch), (20 bytes).
    Removing stm32f37x_flash.o(i.FLASH_OB_Lock), (20 bytes).
    Removing stm32f37x_flash.o(i.FLASH_OB_ProgramData), (72 bytes).
    Removing stm32f37x_flash.o(i.FLASH_OB_RDPConfig), (140 bytes).
    Removing stm32f37x_flash.o(i.FLASH_OB_SRAMParityConfig), (80 bytes).
    Removing stm32f37x_flash.o(i.FLASH_OB_Unlock), (36 bytes).
    Removing stm32f37x_flash.o(i.FLASH_OB_UserConfig), (88 bytes).
    Removing stm32f37x_flash.o(i.FLASH_OB_VDDAConfig), (80 bytes).
    Removing stm32f37x_flash.o(i.FLASH_OB_VDD_SD12Config), (80 bytes).
    Removing stm32f37x_flash.o(i.FLASH_OB_WriteUser), (80 bytes).
    Removing stm32f37x_flash.o(i.FLASH_PrefetchBufferCmd), (36 bytes).
    Removing stm32f37x_flash.o(i.FLASH_ProgramHalfWord), (68 bytes).
    Removing stm32f37x_flash.o(i.FLASH_ProgramWord), (108 bytes).
    Removing stm32f37x_flash.o(i.FLASH_SetLatency), (24 bytes).
    Removing stm32f37x_flash.o(i.FLASH_Unlock), (36 bytes).
    Removing stm32f37x_flash.o(i.FLASH_WaitForLastOperation), (38 bytes).
    Removing stm32f37x_gpio.o(.rev16_text), (4 bytes).
    Removing stm32f37x_gpio.o(.revsh_text), (4 bytes).
    Removing stm32f37x_gpio.o(i.GPIO_DeInit), (176 bytes).
    Removing stm32f37x_gpio.o(i.GPIO_PinLockConfig), (34 bytes).
    Removing stm32f37x_gpio.o(i.GPIO_ReadInputData), (6 bytes).
    Removing stm32f37x_gpio.o(i.GPIO_ReadInputDataBit), (18 bytes).
    Removing stm32f37x_gpio.o(i.GPIO_ReadOutputData), (6 bytes).
    Removing stm32f37x_gpio.o(i.GPIO_ReadOutputDataBit), (18 bytes).
    Removing stm32f37x_gpio.o(i.GPIO_ResetBits), (4 bytes).
    Removing stm32f37x_gpio.o(i.GPIO_SetBits), (4 bytes).
    Removing stm32f37x_gpio.o(i.GPIO_StructInit), (22 bytes).
    Removing stm32f37x_gpio.o(i.GPIO_Write), (4 bytes).
    Removing stm32f37x_gpio.o(i.GPIO_WriteBit), (10 bytes).
    Removing stm32f37x_i2c.o(.rev16_text), (4 bytes).
    Removing stm32f37x_i2c.o(.revsh_text), (4 bytes).
    Removing stm32f37x_i2c.o(i.I2C_10BitAddressHeaderCmd), (22 bytes).
    Removing stm32f37x_i2c.o(i.I2C_10BitAddressingModeCmd), (22 bytes).
    Removing stm32f37x_i2c.o(i.I2C_AcknowledgeConfig), (22 bytes).
    Removing stm32f37x_i2c.o(i.I2C_AutoEndCmd), (22 bytes).
    Removing stm32f37x_i2c.o(i.I2C_CalculatePEC), (22 bytes).
    Removing stm32f37x_i2c.o(i.I2C_ClearFlag), (4 bytes).
    Removing stm32f37x_i2c.o(i.I2C_ClearITPendingBit), (4 bytes).
    Removing stm32f37x_i2c.o(i.I2C_ClockTimeoutCmd), (22 bytes).
    Removing stm32f37x_i2c.o(i.I2C_Cmd), (22 bytes).
    Removing stm32f37x_i2c.o(i.I2C_DMACmd), (18 bytes).
    Removing stm32f37x_i2c.o(i.I2C_DeInit), (56 bytes).
    Removing stm32f37x_i2c.o(i.I2C_DualAddressCmd), (22 bytes).
    Removing stm32f37x_i2c.o(i.I2C_ExtendedClockTimeoutCmd), (22 bytes).
    Removing stm32f37x_i2c.o(i.I2C_GeneralCallCmd), (22 bytes).
    Removing stm32f37x_i2c.o(i.I2C_GenerateSTART), (22 bytes).
    Removing stm32f37x_i2c.o(i.I2C_GenerateSTOP), (22 bytes).
    Removing stm32f37x_i2c.o(i.I2C_GetAddressMatched), (12 bytes).
    Removing stm32f37x_i2c.o(i.I2C_GetFlagStatus), (22 bytes).
    Removing stm32f37x_i2c.o(i.I2C_GetITStatus), (60 bytes).
    Removing stm32f37x_i2c.o(i.I2C_GetPEC), (8 bytes).
    Removing stm32f37x_i2c.o(i.I2C_GetTransferDirection), (22 bytes).
    Removing stm32f37x_i2c.o(i.I2C_ITConfig), (18 bytes).
    Removing stm32f37x_i2c.o(i.I2C_IdleClockTimeoutCmd), (22 bytes).
    Removing stm32f37x_i2c.o(i.I2C_Init), (104 bytes).
    Removing stm32f37x_i2c.o(i.I2C_MasterRequestConfig), (22 bytes).
    Removing stm32f37x_i2c.o(i.I2C_NumberOfBytesConfig), (24 bytes).
    Removing stm32f37x_i2c.o(i.I2C_OwnAddress2Config), (34 bytes).
    Removing stm32f37x_i2c.o(i.I2C_PECRequestCmd), (22 bytes).
    Removing stm32f37x_i2c.o(i.I2C_ReadRegister), (22 bytes).
    Removing stm32f37x_i2c.o(i.I2C_ReceiveData), (8 bytes).
    Removing stm32f37x_i2c.o(i.I2C_ReloadCmd), (22 bytes).
    Removing stm32f37x_i2c.o(i.I2C_SMBusAlertCmd), (22 bytes).
    Removing stm32f37x_i2c.o(i.I2C_SendData), (4 bytes).
    Removing stm32f37x_i2c.o(i.I2C_SlaveAddressConfig), (20 bytes).
    Removing stm32f37x_i2c.o(i.I2C_SlaveByteControlCmd), (22 bytes).
    Removing stm32f37x_i2c.o(i.I2C_SoftwareResetCmd), (20 bytes).
    Removing stm32f37x_i2c.o(i.I2C_StopModeCmd), (22 bytes).
    Removing stm32f37x_i2c.o(i.I2C_StretchClockCmd), (22 bytes).
    Removing stm32f37x_i2c.o(i.I2C_StructInit), (24 bytes).
    Removing stm32f37x_i2c.o(i.I2C_TimeoutAConfig), (20 bytes).
    Removing stm32f37x_i2c.o(i.I2C_TimeoutBConfig), (28 bytes).
    Removing stm32f37x_i2c.o(i.I2C_TransferHandling), (44 bytes).
    Removing stm32f37x_iwdg.o(.rev16_text), (4 bytes).
    Removing stm32f37x_iwdg.o(.revsh_text), (4 bytes).
    Removing stm32f37x_iwdg.o(i.IWDG_Enable), (16 bytes).
    Removing stm32f37x_iwdg.o(i.IWDG_GetFlagStatus), (24 bytes).
    Removing stm32f37x_iwdg.o(i.IWDG_ReloadCounter), (16 bytes).
    Removing stm32f37x_iwdg.o(i.IWDG_SetPrescaler), (12 bytes).
    Removing stm32f37x_iwdg.o(i.IWDG_SetReload), (12 bytes).
    Removing stm32f37x_iwdg.o(i.IWDG_SetWindowValue), (12 bytes).
    Removing stm32f37x_iwdg.o(i.IWDG_WriteAccessCmd), (12 bytes).
    Removing stm32f37x_misc.o(.rev16_text), (4 bytes).
    Removing stm32f37x_misc.o(.revsh_text), (4 bytes).
    Removing stm32f37x_misc.o(i.NVIC_SetVectorTable), (20 bytes).
    Removing stm32f37x_misc.o(i.NVIC_SystemLPConfig), (32 bytes).
    Removing stm32f37x_pwr.o(.rev16_text), (4 bytes).
    Removing stm32f37x_pwr.o(.revsh_text), (4 bytes).
    Removing stm32f37x_pwr.o(i.PWR_BackupAccessCmd), (12 bytes).
    Removing stm32f37x_pwr.o(i.PWR_ClearFlag), (20 bytes).
    Removing stm32f37x_pwr.o(i.PWR_DeInit), (22 bytes).
    Removing stm32f37x_pwr.o(i.PWR_EnterSTANDBYMode), (52 bytes).
    Removing stm32f37x_pwr.o(i.PWR_EnterSTOPMode), (64 bytes).
    Removing stm32f37x_pwr.o(i.PWR_EnterSleepMode), (28 bytes).
    Removing stm32f37x_pwr.o(i.PWR_GetFlagStatus), (24 bytes).
    Removing stm32f37x_pwr.o(i.PWR_PVDCmd), (12 bytes).
    Removing stm32f37x_pwr.o(i.PWR_PVDLevelConfig), (24 bytes).
    Removing stm32f37x_pwr.o(i.PWR_SDADCAnalogCmd), (32 bytes).
    Removing stm32f37x_pwr.o(i.PWR_WakeUpPinCmd), (32 bytes).
    Removing stm32f37x_rcc.o(.rev16_text), (4 bytes).
    Removing stm32f37x_rcc.o(.revsh_text), (4 bytes).
    Removing stm32f37x_rcc.o(i.RCC_AHBPeriphResetCmd), (32 bytes).
    Removing stm32f37x_rcc.o(i.RCC_APB1PeriphResetCmd), (32 bytes).
    Removing stm32f37x_rcc.o(i.RCC_AdjustHSICalibrationValue), (24 bytes).
    Removing stm32f37x_rcc.o(i.RCC_BackupResetCmd), (12 bytes).
    Removing stm32f37x_rcc.o(i.RCC_CECCLKConfig), (28 bytes).
    Removing stm32f37x_rcc.o(i.RCC_ClearFlag), (20 bytes).
    Removing stm32f37x_rcc.o(i.RCC_ClearITPendingBit), (12 bytes).
    Removing stm32f37x_rcc.o(i.RCC_ClockSecuritySystemCmd), (12 bytes).
    Removing stm32f37x_rcc.o(i.RCC_DeInit), (96 bytes).
    Removing stm32f37x_rcc.o(i.RCC_GetFlagStatus), (60 bytes).
    Removing stm32f37x_rcc.o(i.RCC_GetITStatus), (24 bytes).
    Removing stm32f37x_rcc.o(i.RCC_GetSYSCLKSource), (16 bytes).
    Removing stm32f37x_rcc.o(i.RCC_HCLKConfig), (24 bytes).
    Removing stm32f37x_rcc.o(i.RCC_HSEConfig), (16 bytes).
    Removing stm32f37x_rcc.o(i.RCC_HSICmd), (12 bytes).
    Removing stm32f37x_rcc.o(i.RCC_I2CCLKConfig), (48 bytes).
    Removing stm32f37x_rcc.o(i.RCC_ITConfig), (32 bytes).
    Removing stm32f37x_rcc.o(i.RCC_LSEConfig), (36 bytes).
    Removing stm32f37x_rcc.o(i.RCC_LSEDriveConfig), (28 bytes).
    Removing stm32f37x_rcc.o(i.RCC_LSICmd), (12 bytes).
    Removing stm32f37x_rcc.o(i.RCC_MCOConfig), (12 bytes).
    Removing stm32f37x_rcc.o(i.RCC_PCLK1Config), (24 bytes).
    Removing stm32f37x_rcc.o(i.RCC_PCLK2Config), (24 bytes).
    Removing stm32f37x_rcc.o(i.RCC_PLLCmd), (12 bytes).
    Removing stm32f37x_rcc.o(i.RCC_PLLConfig), (32 bytes).
    Removing stm32f37x_rcc.o(i.RCC_PREDIV1Config), (24 bytes).
    Removing stm32f37x_rcc.o(i.RCC_RTCCLKCmd), (12 bytes).
    Removing stm32f37x_rcc.o(i.RCC_RTCCLKConfig), (16 bytes).
    Removing stm32f37x_rcc.o(i.RCC_SDADCCLKConfig), (28 bytes).
    Removing stm32f37x_rcc.o(i.RCC_SYSCLKConfig), (24 bytes).
    Removing stm32f37x_rcc.o(i.RCC_USARTCLKConfig), (80 bytes).
    Removing stm32f37x_rcc.o(i.RCC_USBCLKConfig), (12 bytes).
    Removing stm32f37x_rcc.o(i.RCC_WaitForHSEStartUp), (56 bytes).
    Removing stm32f37x_rtc.o(.rev16_text), (4 bytes).
    Removing stm32f37x_rtc.o(.revsh_text), (4 bytes).
    Removing stm32f37x_rtc.o(i.RTC_AlarmCmd), (116 bytes).
    Removing stm32f37x_rtc.o(i.RTC_AlarmStructInit), (22 bytes).
    Removing stm32f37x_rtc.o(i.RTC_AlarmSubSecondConfig), (52 bytes).
    Removing stm32f37x_rtc.o(i.RTC_Bcd2ToByte), (22 bytes).
    Removing stm32f37x_rtc.o(i.RTC_BypassShadowCmd), (60 bytes).
    Removing stm32f37x_rtc.o(i.RTC_ByteToBcd2), (28 bytes).
    Removing stm32f37x_rtc.o(i.RTC_CalibOutputCmd), (60 bytes).
    Removing stm32f37x_rtc.o(i.RTC_CalibOutputConfig), (48 bytes).
    Removing stm32f37x_rtc.o(i.RTC_ClearFlag), (32 bytes).
    Removing stm32f37x_rtc.o(i.RTC_ClearITPendingBit), (32 bytes).
    Removing stm32f37x_rtc.o(i.RTC_DateStructInit), (14 bytes).
    Removing stm32f37x_rtc.o(i.RTC_DayLightSavingConfig), (56 bytes).
    Removing stm32f37x_rtc.o(i.RTC_DeInit), (208 bytes).
    Removing stm32f37x_rtc.o(i.RTC_EnterInitMode), (80 bytes).
    Removing stm32f37x_rtc.o(i.RTC_ExitInitMode), (20 bytes).
    Removing stm32f37x_rtc.o(i.RTC_GetAlarm), (116 bytes).
    Removing stm32f37x_rtc.o(i.RTC_GetAlarmSubSecond), (36 bytes).
    Removing stm32f37x_rtc.o(i.RTC_GetDate), (80 bytes).
    Removing stm32f37x_rtc.o(i.RTC_GetFlagStatus), (40 bytes).
    Removing stm32f37x_rtc.o(i.RTC_GetITStatus), (68 bytes).
    Removing stm32f37x_rtc.o(i.RTC_GetStoreOperation), (16 bytes).
    Removing stm32f37x_rtc.o(i.RTC_GetSubSecond), (20 bytes).
    Removing stm32f37x_rtc.o(i.RTC_GetTime), (80 bytes).
    Removing stm32f37x_rtc.o(i.RTC_GetTimeStamp), (156 bytes).
    Removing stm32f37x_rtc.o(i.RTC_GetTimeStampSubSecond), (12 bytes).
    Removing stm32f37x_rtc.o(i.RTC_GetWakeUpCounter), (12 bytes).
    Removing stm32f37x_rtc.o(i.RTC_ITConfig), (100 bytes).
    Removing stm32f37x_rtc.o(i.RTC_Init), (100 bytes).
    Removing stm32f37x_rtc.o(i.RTC_OutputConfig), (56 bytes).
    Removing stm32f37x_rtc.o(i.RTC_OutputTypeConfig), (28 bytes).
    Removing stm32f37x_rtc.o(i.RTC_ReadBackupRegister), (32 bytes).
    Removing stm32f37x_rtc.o(i.RTC_RefClockCmd), (80 bytes).
    Removing stm32f37x_rtc.o(i.RTC_SetAlarm), (236 bytes).
    Removing stm32f37x_rtc.o(i.RTC_SetDate), (200 bytes).
    Removing stm32f37x_rtc.o(i.RTC_SetTime), (208 bytes).
    Removing stm32f37x_rtc.o(i.RTC_SetWakeUpCounter), (28 bytes).
    Removing stm32f37x_rtc.o(i.RTC_SmoothCalibConfig), (96 bytes).
    Removing stm32f37x_rtc.o(i.RTC_StructInit), (14 bytes).
    Removing stm32f37x_rtc.o(i.RTC_SynchroShiftConfig), (124 bytes).
    Removing stm32f37x_rtc.o(i.RTC_TamperCmd), (32 bytes).
    Removing stm32f37x_rtc.o(i.RTC_TamperFilterConfig), (28 bytes).
    Removing stm32f37x_rtc.o(i.RTC_TamperPinsPrechargeDuration), (28 bytes).
    Removing stm32f37x_rtc.o(i.RTC_TamperPullUpCmd), (36 bytes).
    Removing stm32f37x_rtc.o(i.RTC_TamperSamplingFreqConfig), (28 bytes).
    Removing stm32f37x_rtc.o(i.RTC_TamperTriggerConfig), (36 bytes).
    Removing stm32f37x_rtc.o(i.RTC_TimeStampCmd), (56 bytes).
    Removing stm32f37x_rtc.o(i.RTC_TimeStampOnTamperDetectionCmd), (36 bytes).
    Removing stm32f37x_rtc.o(i.RTC_TimeStructInit), (12 bytes).
    Removing stm32f37x_rtc.o(i.RTC_WaitForSynchro), (96 bytes).
    Removing stm32f37x_rtc.o(i.RTC_WakeUpClockConfig), (48 bytes).
    Removing stm32f37x_rtc.o(i.RTC_WakeUpCmd), (120 bytes).
    Removing stm32f37x_rtc.o(i.RTC_WriteBackupRegister), (28 bytes).
    Removing stm32f37x_rtc.o(i.RTC_WriteProtectionCmd), (28 bytes).
    Removing stm32f37x_sdadc.o(.rev16_text), (4 bytes).
    Removing stm32f37x_sdadc.o(.revsh_text), (4 bytes).
    Removing stm32f37x_sdadc.o(i.SDADC_AINInit), (30 bytes).
    Removing stm32f37x_sdadc.o(i.SDADC_AINStructInit), (12 bytes).
    Removing stm32f37x_sdadc.o(i.SDADC_CalibrationSequenceConfig), (14 bytes).
    Removing stm32f37x_sdadc.o(i.SDADC_ChannelConfig), (36 bytes).
    Removing stm32f37x_sdadc.o(i.SDADC_ChannelSelect), (18 bytes).
    Removing stm32f37x_sdadc.o(i.SDADC_ClearFlag), (8 bytes).
    Removing stm32f37x_sdadc.o(i.SDADC_ClearITPendingBit), (8 bytes).
    Removing stm32f37x_sdadc.o(i.SDADC_Cmd), (22 bytes).
    Removing stm32f37x_sdadc.o(i.SDADC_ContinuousModeCmd), (22 bytes).
    Removing stm32f37x_sdadc.o(i.SDADC_DMAConfig), (18 bytes).
    Removing stm32f37x_sdadc.o(i.SDADC_DeInit), (84 bytes).
    Removing stm32f37x_sdadc.o(i.SDADC_DelayStartInjectedConvCmd), (22 bytes).
    Removing stm32f37x_sdadc.o(i.SDADC_ExternalTrigInjectedConvConfig), (16 bytes).
    Removing stm32f37x_sdadc.o(i.SDADC_ExternalTrigInjectedConvEdgeConfig), (16 bytes).
    Removing stm32f37x_sdadc.o(i.SDADC_FastConversionCmd), (22 bytes).
    Removing stm32f37x_sdadc.o(i.SDADC_GetConversionSDADC12Value), (12 bytes).
    Removing stm32f37x_sdadc.o(i.SDADC_GetConversionSDADC13Value), (12 bytes).
    Removing stm32f37x_sdadc.o(i.SDADC_GetConversionValue), (8 bytes).
    Removing stm32f37x_sdadc.o(i.SDADC_GetFlagStatus), (18 bytes).
    Removing stm32f37x_sdadc.o(i.SDADC_GetITStatus), (34 bytes).
    Removing stm32f37x_sdadc.o(i.SDADC_GetInjectedChannel), (18 bytes).
    Removing stm32f37x_sdadc.o(i.SDADC_GetInjectedConversionSDADC12Value), (12 bytes).
    Removing stm32f37x_sdadc.o(i.SDADC_GetInjectedConversionSDADC13Value), (12 bytes).
    Removing stm32f37x_sdadc.o(i.SDADC_GetInjectedConversionValue), (36 bytes).
    Removing stm32f37x_sdadc.o(i.SDADC_ITConfig), (18 bytes).
    Removing stm32f37x_sdadc.o(i.SDADC_Init), (40 bytes).
    Removing stm32f37x_sdadc.o(i.SDADC_InitModeCmd), (22 bytes).
    Removing stm32f37x_sdadc.o(i.SDADC_InjectedChannelSelect), (6 bytes).
    Removing stm32f37x_sdadc.o(i.SDADC_InjectedContinuousModeCmd), (22 bytes).
    Removing stm32f37x_sdadc.o(i.SDADC_InjectedSynchroSDADC1), (22 bytes).
    Removing stm32f37x_sdadc.o(i.SDADC_PowerDownCmd), (22 bytes).
    Removing stm32f37x_sdadc.o(i.SDADC_RegularSynchroSDADC1), (22 bytes).
    Removing stm32f37x_sdadc.o(i.SDADC_SlowClockCmd), (22 bytes).
    Removing stm32f37x_sdadc.o(i.SDADC_SoftwareStartConv), (10 bytes).
    Removing stm32f37x_sdadc.o(i.SDADC_SoftwareStartInjectedConv), (10 bytes).
    Removing stm32f37x_sdadc.o(i.SDADC_StandbyCmd), (22 bytes).
    Removing stm32f37x_sdadc.o(i.SDADC_StartCalibration), (10 bytes).
    Removing stm32f37x_sdadc.o(i.SDADC_StructInit), (12 bytes).
    Removing stm32f37x_sdadc.o(i.SDADC_VREFSelect), (20 bytes).
    Removing stm32f37x_spi.o(.rev16_text), (4 bytes).
    Removing stm32f37x_spi.o(.revsh_text), (4 bytes).
    Removing stm32f37x_spi.o(i.I2S_Cmd), (24 bytes).
    Removing stm32f37x_spi.o(i.I2S_Init), (216 bytes).
    Removing stm32f37x_spi.o(i.I2S_StructInit), (20 bytes).
    Removing stm32f37x_spi.o(i.SPI_BiDirectionalLineConfig), (28 bytes).
    Removing stm32f37x_spi.o(i.SPI_CRCLengthConfig), (18 bytes).
    Removing stm32f37x_spi.o(i.SPI_CalculateCRC), (24 bytes).
    Removing stm32f37x_spi.o(i.SPI_Cmd), (24 bytes).
    Removing stm32f37x_spi.o(i.SPI_DataSizeConfig), (18 bytes).
    Removing stm32f37x_spi.o(i.SPI_GetCRC), (16 bytes).
    Removing stm32f37x_spi.o(i.SPI_GetCRCPolynomial), (6 bytes).
    Removing stm32f37x_spi.o(i.SPI_GetReceptionFIFOStatus), (10 bytes).
    Removing stm32f37x_spi.o(i.SPI_GetTransmissionFIFOStatus), (10 bytes).
    Removing stm32f37x_spi.o(i.SPI_I2S_ClearFlag), (6 bytes).
    Removing stm32f37x_spi.o(i.SPI_I2S_DMACmd), (18 bytes).
    Removing stm32f37x_spi.o(i.SPI_I2S_DeInit), (88 bytes).
    Removing stm32f37x_spi.o(i.SPI_I2S_GetFlagStatus), (18 bytes).
    Removing stm32f37x_spi.o(i.SPI_I2S_GetITStatus), (52 bytes).
    Removing stm32f37x_spi.o(i.SPI_I2S_ITConfig), (32 bytes).
    Removing stm32f37x_spi.o(i.SPI_I2S_ReceiveData16), (6 bytes).
    Removing stm32f37x_spi.o(i.SPI_I2S_SendData16), (4 bytes).
    Removing stm32f37x_spi.o(i.SPI_Init), (80 bytes).
    Removing stm32f37x_spi.o(i.SPI_LastDMATransferCmd), (18 bytes).
    Removing stm32f37x_spi.o(i.SPI_NSSInternalSoftwareConfig), (30 bytes).
    Removing stm32f37x_spi.o(i.SPI_NSSPulseModeCmd), (24 bytes).
    Removing stm32f37x_spi.o(i.SPI_ReceiveData8), (12 bytes).
    Removing stm32f37x_spi.o(i.SPI_RxFIFOThresholdConfig), (18 bytes).
    Removing stm32f37x_spi.o(i.SPI_SSOutputCmd), (24 bytes).
    Removing stm32f37x_spi.o(i.SPI_SendData8), (10 bytes).
    Removing stm32f37x_spi.o(i.SPI_StructInit), (30 bytes).
    Removing stm32f37x_spi.o(i.SPI_TIModeCmd), (24 bytes).
    Removing stm32f37x_spi.o(i.SPI_TransmitCRC), (10 bytes).
    Removing stm32f37x_syscfg.o(.rev16_text), (4 bytes).
    Removing stm32f37x_syscfg.o(.revsh_text), (4 bytes).
    Removing stm32f37x_syscfg.o(i.SYSCFG_BreakConfig), (16 bytes).
    Removing stm32f37x_syscfg.o(i.SYSCFG_ClearFlag), (16 bytes).
    Removing stm32f37x_syscfg.o(i.SYSCFG_DMAChannelRemapConfig), (32 bytes).
    Removing stm32f37x_syscfg.o(i.SYSCFG_DeInit), (48 bytes).
    Removing stm32f37x_syscfg.o(i.SYSCFG_EXTILineConfig), (64 bytes).
    Removing stm32f37x_syscfg.o(i.SYSCFG_GetFlagStatus), (28 bytes).
    Removing stm32f37x_syscfg.o(i.SYSCFG_I2CFastModePlusConfig), (32 bytes).
    Removing stm32f37x_syscfg.o(i.SYSCFG_ITConfig), (32 bytes).
    Removing stm32f37x_syscfg.o(i.SYSCFG_MemoryRemapConfig), (24 bytes).
    Removing stm32f37x_syscfg.o(i.SYSCFG_VBATMonitoringCmd), (36 bytes).
    Removing stm32f37x_tim.o(.rev16_text), (4 bytes).
    Removing stm32f37x_tim.o(.revsh_text), (4 bytes).
    Removing stm32f37x_tim.o(i.TI1_Config), (58 bytes).
    Removing stm32f37x_tim.o(i.TI2_Config), (80 bytes).
    Removing stm32f37x_tim.o(i.TI3_Config), (72 bytes).
    Removing stm32f37x_tim.o(i.TI4_Config), (80 bytes).
    Removing stm32f37x_tim.o(i.TIM_ARRPreloadConfig), (24 bytes).
    Removing stm32f37x_tim.o(i.TIM_BDTRConfig), (38 bytes).
    Removing stm32f37x_tim.o(i.TIM_BDTRStructInit), (18 bytes).
    Removing stm32f37x_tim.o(i.TIM_CCPreloadControl), (24 bytes).
    Removing stm32f37x_tim.o(i.TIM_CCxCmd), (30 bytes).
    Removing stm32f37x_tim.o(i.TIM_CCxNCmd), (30 bytes).
    Removing stm32f37x_tim.o(i.TIM_ClearFlag), (6 bytes).
    Removing stm32f37x_tim.o(i.TIM_ClearITPendingBit), (6 bytes).
    Removing stm32f37x_tim.o(i.TIM_ClearOC1Ref), (18 bytes).
    Removing stm32f37x_tim.o(i.TIM_ClearOC2Ref), (24 bytes).
    Removing stm32f37x_tim.o(i.TIM_ClearOC3Ref), (18 bytes).
    Removing stm32f37x_tim.o(i.TIM_ClearOC4Ref), (24 bytes).
    Removing stm32f37x_tim.o(i.TIM_Cmd), (24 bytes).
    Removing stm32f37x_tim.o(i.TIM_CounterModeConfig), (18 bytes).
    Removing stm32f37x_tim.o(i.TIM_CtrlPWMOutputs), (30 bytes).
    Removing stm32f37x_tim.o(i.TIM_DMACmd), (18 bytes).
    Removing stm32f37x_tim.o(i.TIM_DMAConfig), (10 bytes).
    Removing stm32f37x_tim.o(i.TIM_DeInit), (400 bytes).
    Removing stm32f37x_tim.o(i.TIM_ETRClockMode1Config), (54 bytes).
    Removing stm32f37x_tim.o(i.TIM_ETRClockMode2Config), (32 bytes).
    Removing stm32f37x_tim.o(i.TIM_ETRConfig), (28 bytes).
    Removing stm32f37x_tim.o(i.TIM_EncoderInterfaceConfig), (66 bytes).
    Removing stm32f37x_tim.o(i.TIM_ForcedOC1Config), (18 bytes).
    Removing stm32f37x_tim.o(i.TIM_ForcedOC2Config), (26 bytes).
    Removing stm32f37x_tim.o(i.TIM_ForcedOC3Config), (18 bytes).
    Removing stm32f37x_tim.o(i.TIM_ForcedOC4Config), (26 bytes).
    Removing stm32f37x_tim.o(i.TIM_GenerateEvent), (4 bytes).
    Removing stm32f37x_tim.o(i.TIM_GetCapture1), (6 bytes).
    Removing stm32f37x_tim.o(i.TIM_GetCapture2), (6 bytes).
    Removing stm32f37x_tim.o(i.TIM_GetCapture3), (6 bytes).
    Removing stm32f37x_tim.o(i.TIM_GetCapture4), (6 bytes).
    Removing stm32f37x_tim.o(i.TIM_GetCounter), (6 bytes).
    Removing stm32f37x_tim.o(i.TIM_GetFlagStatus), (18 bytes).
    Removing stm32f37x_tim.o(i.TIM_GetITStatus), (34 bytes).
    Removing stm32f37x_tim.o(i.TIM_GetPrescaler), (6 bytes).
    Removing stm32f37x_tim.o(i.TIM_ICInit), (110 bytes).
    Removing stm32f37x_tim.o(i.TIM_ICStructInit), (18 bytes).
    Removing stm32f37x_tim.o(i.TIM_ITConfig), (18 bytes).
    Removing stm32f37x_tim.o(i.TIM_ITRxExternalClockConfig), (24 bytes).
    Removing stm32f37x_tim.o(i.TIM_InternalClockConfig), (12 bytes).
    Removing stm32f37x_tim.o(i.TIM_OC1FastConfig), (18 bytes).
    Removing stm32f37x_tim.o(i.TIM_OC1Init), (132 bytes).
    Removing stm32f37x_tim.o(i.TIM_OC1NPolarityConfig), (18 bytes).
    Removing stm32f37x_tim.o(i.TIM_OC1PolarityConfig), (18 bytes).
    Removing stm32f37x_tim.o(i.TIM_OC1PreloadConfig), (18 bytes).
    Removing stm32f37x_tim.o(i.TIM_OC2FastConfig), (26 bytes).
    Removing stm32f37x_tim.o(i.TIM_OC2Init), (82 bytes).
    Removing stm32f37x_tim.o(i.TIM_OC2PolarityConfig), (26 bytes).
    Removing stm32f37x_tim.o(i.TIM_OC2PreloadConfig), (26 bytes).
    Removing stm32f37x_tim.o(i.TIM_OC3FastConfig), (18 bytes).
    Removing stm32f37x_tim.o(i.TIM_OC3Init), (78 bytes).
    Removing stm32f37x_tim.o(i.TIM_OC3PolarityConfig), (26 bytes).
    Removing stm32f37x_tim.o(i.TIM_OC3PreloadConfig), (18 bytes).
    Removing stm32f37x_tim.o(i.TIM_OC4FastConfig), (26 bytes).
    Removing stm32f37x_tim.o(i.TIM_OC4Init), (82 bytes).
    Removing stm32f37x_tim.o(i.TIM_OC4PolarityConfig), (26 bytes).
    Removing stm32f37x_tim.o(i.TIM_OC4PreloadConfig), (26 bytes).
    Removing stm32f37x_tim.o(i.TIM_OCStructInit), (20 bytes).
    Removing stm32f37x_tim.o(i.TIM_PWMIConfig), (124 bytes).
    Removing stm32f37x_tim.o(i.TIM_PrescalerConfig), (6 bytes).
    Removing stm32f37x_tim.o(i.TIM_RemapConfig), (6 bytes).
    Removing stm32f37x_tim.o(i.TIM_SelectCCDMA), (24 bytes).
    Removing stm32f37x_tim.o(i.TIM_SelectCOM), (24 bytes).
    Removing stm32f37x_tim.o(i.TIM_SelectHallSensor), (24 bytes).
    Removing stm32f37x_tim.o(i.TIM_SelectInputTrigger), (18 bytes).
    Removing stm32f37x_tim.o(i.TIM_SelectMasterSlaveMode), (18 bytes).
    Removing stm32f37x_tim.o(i.TIM_SelectOCREFClear), (18 bytes).
    Removing stm32f37x_tim.o(i.TIM_SelectOCxM), (82 bytes).
    Removing stm32f37x_tim.o(i.TIM_SelectOnePulseMode), (18 bytes).
    Removing stm32f37x_tim.o(i.TIM_SelectOutputTrigger), (18 bytes).
    Removing stm32f37x_tim.o(i.TIM_SelectSlaveMode), (18 bytes).
    Removing stm32f37x_tim.o(i.TIM_SetAutoreload), (4 bytes).
    Removing stm32f37x_tim.o(i.TIM_SetClockDivision), (18 bytes).
    Removing stm32f37x_tim.o(i.TIM_SetCompare1), (4 bytes).
    Removing stm32f37x_tim.o(i.TIM_SetCompare2), (4 bytes).
    Removing stm32f37x_tim.o(i.TIM_SetCompare3), (4 bytes).
    Removing stm32f37x_tim.o(i.TIM_SetCompare4), (4 bytes).
    Removing stm32f37x_tim.o(i.TIM_SetCounter), (4 bytes).
    Removing stm32f37x_tim.o(i.TIM_SetIC1Prescaler), (18 bytes).
    Removing stm32f37x_tim.o(i.TIM_SetIC2Prescaler), (26 bytes).
    Removing stm32f37x_tim.o(i.TIM_SetIC3Prescaler), (18 bytes).
    Removing stm32f37x_tim.o(i.TIM_SetIC4Prescaler), (26 bytes).
    Removing stm32f37x_tim.o(i.TIM_TIxExternalClockConfig), (62 bytes).
    Removing stm32f37x_tim.o(i.TIM_TimeBaseInit), (152 bytes).
    Removing stm32f37x_tim.o(i.TIM_TimeBaseStructInit), (18 bytes).
    Removing stm32f37x_tim.o(i.TIM_UpdateDisableConfig), (24 bytes).
    Removing stm32f37x_tim.o(i.TIM_UpdateRequestConfig), (24 bytes).
    Removing stm32f37x_usart.o(.rev16_text), (4 bytes).
    Removing stm32f37x_usart.o(.revsh_text), (4 bytes).
    Removing stm32f37x_usart.o(i.USART_AddressDetectionConfig), (16 bytes).
    Removing stm32f37x_usart.o(i.USART_AutoBaudRateCmd), (22 bytes).
    Removing stm32f37x_usart.o(i.USART_AutoBaudRateConfig), (16 bytes).
    Removing stm32f37x_usart.o(i.USART_ClearFlag), (4 bytes).
    Removing stm32f37x_usart.o(i.USART_ClockInit), (30 bytes).
    Removing stm32f37x_usart.o(i.USART_ClockStructInit), (12 bytes).
    Removing stm32f37x_usart.o(i.USART_DECmd), (22 bytes).
    Removing stm32f37x_usart.o(i.USART_DEPolarityConfig), (16 bytes).
    Removing stm32f37x_usart.o(i.USART_DMACmd), (18 bytes).
    Removing stm32f37x_usart.o(i.USART_DMAReceptionErrorConfig), (16 bytes).
    Removing stm32f37x_usart.o(i.USART_DataInvCmd), (22 bytes).
    Removing stm32f37x_usart.o(i.USART_DeInit), (96 bytes).
    Removing stm32f37x_usart.o(i.USART_DirectionModeCmd), (18 bytes).
    Removing stm32f37x_usart.o(i.USART_GetFlagStatus), (18 bytes).
    Removing stm32f37x_usart.o(i.USART_HalfDuplexCmd), (22 bytes).
    Removing stm32f37x_usart.o(i.USART_InvPinCmd), (18 bytes).
    Removing stm32f37x_usart.o(i.USART_IrDACmd), (22 bytes).
    Removing stm32f37x_usart.o(i.USART_IrDAConfig), (16 bytes).
    Removing stm32f37x_usart.o(i.USART_LINBreakDetectLengthConfig), (16 bytes).
    Removing stm32f37x_usart.o(i.USART_LINCmd), (22 bytes).
    Removing stm32f37x_usart.o(i.USART_MSBFirstCmd), (22 bytes).
    Removing stm32f37x_usart.o(i.USART_MuteModeCmd), (22 bytes).
    Removing stm32f37x_usart.o(i.USART_MuteModeWakeUpConfig), (16 bytes).
    Removing stm32f37x_usart.o(i.USART_OneBitMethodCmd), (22 bytes).
    Removing stm32f37x_usart.o(i.USART_OverSampling8Cmd), (22 bytes).
    Removing stm32f37x_usart.o(i.USART_OverrunDetectionConfig), (16 bytes).
    Removing stm32f37x_usart.o(i.USART_ReceiveData), (10 bytes).
    Removing stm32f37x_usart.o(i.USART_ReceiverTimeOutCmd), (22 bytes).
    Removing stm32f37x_usart.o(i.USART_RequestCmd), (18 bytes).
    Removing stm32f37x_usart.o(i.USART_STOPModeCmd), (22 bytes).
    Removing stm32f37x_usart.o(i.USART_SWAPPinCmd), (22 bytes).
    Removing stm32f37x_usart.o(i.USART_SendData), (8 bytes).
    Removing stm32f37x_usart.o(i.USART_SetAddress), (18 bytes).
    Removing stm32f37x_usart.o(i.USART_SetAutoRetryCount), (18 bytes).
    Removing stm32f37x_usart.o(i.USART_SetBlockLength), (18 bytes).
    Removing stm32f37x_usart.o(i.USART_SetDEAssertionTime), (18 bytes).
    Removing stm32f37x_usart.o(i.USART_SetDEDeassertionTime), (18 bytes).
    Removing stm32f37x_usart.o(i.USART_SetGuardTime), (16 bytes).
    Removing stm32f37x_usart.o(i.USART_SetPrescaler), (16 bytes).
    Removing stm32f37x_usart.o(i.USART_SetReceiverTimeOut), (16 bytes).
    Removing stm32f37x_usart.o(i.USART_SmartCardCmd), (22 bytes).
    Removing stm32f37x_usart.o(i.USART_SmartCardNACKCmd), (22 bytes).
    Removing stm32f37x_usart.o(i.USART_StopModeWakeUpSourceConfig), (16 bytes).
    Removing stm32f37x_usart.o(i.USART_StructInit), (24 bytes).
    Removing stm32f37x_wwdg.o(.rev16_text), (4 bytes).
    Removing stm32f37x_wwdg.o(.revsh_text), (4 bytes).
    Removing stm32f37x_wwdg.o(i.WWDG_ClearFlag), (12 bytes).
    Removing stm32f37x_wwdg.o(i.WWDG_DeInit), (22 bytes).
    Removing stm32f37x_wwdg.o(i.WWDG_Enable), (16 bytes).
    Removing stm32f37x_wwdg.o(i.WWDG_EnableIT), (12 bytes).
    Removing stm32f37x_wwdg.o(i.WWDG_GetFlagStatus), (20 bytes).
    Removing stm32f37x_wwdg.o(i.WWDG_SetCounter), (16 bytes).
    Removing stm32f37x_wwdg.o(i.WWDG_SetPrescaler), (24 bytes).
    Removing stm32f37x_wwdg.o(i.WWDG_SetWindowValue), (40 bytes).

607 unused section(s) (total 20612 bytes) removed from the image.

==============================================================================

Image Symbol Table

    Local Symbols

    Symbol Name                              Value     Ov Type        Size  Object(Section)

    ../clib/microlib/init/entry.s            0x00000000   Number         0  entry10b.o ABSOLUTE
    ../clib/microlib/init/entry.s            0x00000000   Number         0  entry8b.o ABSOLUTE
    ../clib/microlib/init/entry.s            0x00000000   Number         0  entry8a.o ABSOLUTE
    ../clib/microlib/init/entry.s            0x00000000   Number         0  entry5.o ABSOLUTE
    ../clib/microlib/init/entry.s            0x00000000   Number         0  entry2.o ABSOLUTE
    ../clib/microlib/init/entry.s            0x00000000   Number         0  entry7a.o ABSOLUTE
    ../clib/microlib/init/entry.s            0x00000000   Number         0  entry.o ABSOLUTE
    ../clib/microlib/init/entry.s            0x00000000   Number         0  entry11b.o ABSOLUTE
    ../clib/microlib/init/entry.s            0x00000000   Number         0  entry11a.o ABSOLUTE
    ../clib/microlib/init/entry.s            0x00000000   Number         0  entry7b.o ABSOLUTE
    ../clib/microlib/init/entry.s            0x00000000   Number         0  entry10a.o ABSOLUTE
    ../clib/microlib/init/entry.s            0x00000000   Number         0  entry9b.o ABSOLUTE
    ../clib/microlib/init/entry.s            0x00000000   Number         0  entry9a.o ABSOLUTE
    APP\\main.c                              0x00000000   Number         0  main.o ABSOLUTE
    APP\\stm32f37x_it.c                      0x00000000   Number         0  stm32f37x_it.o ABSOLUTE
    APP\main.c                               0x00000000   Number         0  main.o ABSOLUTE
    APP\stm32f37x_it.c                       0x00000000   Number         0  stm32f37x_it.o ABSOLUTE
    BSP\ADC.c                                0x00000000   Number         0  adc.o ABSOLUTE
    BSP\GPIO.c                               0x00000000   Number         0  gpio.o ABSOLUTE
    BSP\PWM.c                                0x00000000   Number         0  pwm.o ABSOLUTE
    BSP\Sys.c                                0x00000000   Number         0  sys.o ABSOLUTE
    BSP\UART.c                               0x00000000   Number         0  uart.o ABSOLUTE
    BSP\\ADC.c                               0x00000000   Number         0  adc.o ABSOLUTE
    BSP\\GPIO.c                              0x00000000   Number         0  gpio.o ABSOLUTE
    BSP\\PWM.c                               0x00000000   Number         0  pwm.o ABSOLUTE
    BSP\\Sys.c                               0x00000000   Number         0  sys.o ABSOLUTE
    BSP\\UART.c                              0x00000000   Number         0  uart.o ABSOLUTE
    Libraries\CMSIS\DeviceSupport\startup\startup_stm32f37x.s 0x00000000   Number         0  startup_stm32f37x.o ABSOLUTE
    Libraries\CMSIS\DeviceSupport\system_stm32f37x.c 0x00000000   Number         0  system_stm32f37x.o ABSOLUTE
    Libraries\STM32F373xx_StdPeriph_Driver\src\stm32f37x_adc.c 0x00000000   Number         0  stm32f37x_adc.o ABSOLUTE
    Libraries\STM32F373xx_StdPeriph_Driver\src\stm32f37x_can.c 0x00000000   Number         0  stm32f37x_can.o ABSOLUTE
    Libraries\STM32F373xx_StdPeriph_Driver\src\stm32f37x_cec.c 0x00000000   Number         0  stm32f37x_cec.o ABSOLUTE
    Libraries\STM32F373xx_StdPeriph_Driver\src\stm32f37x_comp.c 0x00000000   Number         0  stm32f37x_comp.o ABSOLUTE
    Libraries\STM32F373xx_StdPeriph_Driver\src\stm32f37x_crc.c 0x00000000   Number         0  stm32f37x_crc.o ABSOLUTE
    Libraries\STM32F373xx_StdPeriph_Driver\src\stm32f37x_dac.c 0x00000000   Number         0  stm32f37x_dac.o ABSOLUTE
    Libraries\STM32F373xx_StdPeriph_Driver\src\stm32f37x_dbgmcu.c 0x00000000   Number         0  stm32f37x_dbgmcu.o ABSOLUTE
    Libraries\STM32F373xx_StdPeriph_Driver\src\stm32f37x_dma.c 0x00000000   Number         0  stm32f37x_dma.o ABSOLUTE
    Libraries\STM32F373xx_StdPeriph_Driver\src\stm32f37x_exti.c 0x00000000   Number         0  stm32f37x_exti.o ABSOLUTE
    Libraries\STM32F373xx_StdPeriph_Driver\src\stm32f37x_flash.c 0x00000000   Number         0  stm32f37x_flash.o ABSOLUTE
    Libraries\STM32F373xx_StdPeriph_Driver\src\stm32f37x_gpio.c 0x00000000   Number         0  stm32f37x_gpio.o ABSOLUTE
    Libraries\STM32F373xx_StdPeriph_Driver\src\stm32f37x_i2c.c 0x00000000   Number         0  stm32f37x_i2c.o ABSOLUTE
    Libraries\STM32F373xx_StdPeriph_Driver\src\stm32f37x_iwdg.c 0x00000000   Number         0  stm32f37x_iwdg.o ABSOLUTE
    Libraries\STM32F373xx_StdPeriph_Driver\src\stm32f37x_misc.c 0x00000000   Number         0  stm32f37x_misc.o ABSOLUTE
    Libraries\STM32F373xx_StdPeriph_Driver\src\stm32f37x_pwr.c 0x00000000   Number         0  stm32f37x_pwr.o ABSOLUTE
    Libraries\STM32F373xx_StdPeriph_Driver\src\stm32f37x_rcc.c 0x00000000   Number         0  stm32f37x_rcc.o ABSOLUTE
    Libraries\STM32F373xx_StdPeriph_Driver\src\stm32f37x_rtc.c 0x00000000   Number         0  stm32f37x_rtc.o ABSOLUTE
    Libraries\STM32F373xx_StdPeriph_Driver\src\stm32f37x_sdadc.c 0x00000000   Number         0  stm32f37x_sdadc.o ABSOLUTE
    Libraries\STM32F373xx_StdPeriph_Driver\src\stm32f37x_spi.c 0x00000000   Number         0  stm32f37x_spi.o ABSOLUTE
    Libraries\STM32F373xx_StdPeriph_Driver\src\stm32f37x_syscfg.c 0x00000000   Number         0  stm32f37x_syscfg.o ABSOLUTE
    Libraries\STM32F373xx_StdPeriph_Driver\src\stm32f37x_tim.c 0x00000000   Number         0  stm32f37x_tim.o ABSOLUTE
    Libraries\STM32F373xx_StdPeriph_Driver\src\stm32f37x_usart.c 0x00000000   Number         0  stm32f37x_usart.o ABSOLUTE
    Libraries\STM32F373xx_StdPeriph_Driver\src\stm32f37x_wwdg.c 0x00000000   Number         0  stm32f37x_wwdg.o ABSOLUTE
    Libraries\\CMSIS\\DeviceSupport\\system_stm32f37x.c 0x00000000   Number         0  system_stm32f37x.o ABSOLUTE
    Libraries\\STM32F373xx_StdPeriph_Driver\\src\\stm32f37x_adc.c 0x00000000   Number         0  stm32f37x_adc.o ABSOLUTE
    Libraries\\STM32F373xx_StdPeriph_Driver\\src\\stm32f37x_can.c 0x00000000   Number         0  stm32f37x_can.o ABSOLUTE
    Libraries\\STM32F373xx_StdPeriph_Driver\\src\\stm32f37x_cec.c 0x00000000   Number         0  stm32f37x_cec.o ABSOLUTE
    Libraries\\STM32F373xx_StdPeriph_Driver\\src\\stm32f37x_comp.c 0x00000000   Number         0  stm32f37x_comp.o ABSOLUTE
    Libraries\\STM32F373xx_StdPeriph_Driver\\src\\stm32f37x_crc.c 0x00000000   Number         0  stm32f37x_crc.o ABSOLUTE
    Libraries\\STM32F373xx_StdPeriph_Driver\\src\\stm32f37x_dac.c 0x00000000   Number         0  stm32f37x_dac.o ABSOLUTE
    Libraries\\STM32F373xx_StdPeriph_Driver\\src\\stm32f37x_dbgmcu.c 0x00000000   Number         0  stm32f37x_dbgmcu.o ABSOLUTE
    Libraries\\STM32F373xx_StdPeriph_Driver\\src\\stm32f37x_dma.c 0x00000000   Number         0  stm32f37x_dma.o ABSOLUTE
    Libraries\\STM32F373xx_StdPeriph_Driver\\src\\stm32f37x_exti.c 0x00000000   Number         0  stm32f37x_exti.o ABSOLUTE
    Libraries\\STM32F373xx_StdPeriph_Driver\\src\\stm32f37x_flash.c 0x00000000   Number         0  stm32f37x_flash.o ABSOLUTE
    Libraries\\STM32F373xx_StdPeriph_Driver\\src\\stm32f37x_gpio.c 0x00000000   Number         0  stm32f37x_gpio.o ABSOLUTE
    Libraries\\STM32F373xx_StdPeriph_Driver\\src\\stm32f37x_i2c.c 0x00000000   Number         0  stm32f37x_i2c.o ABSOLUTE
    Libraries\\STM32F373xx_StdPeriph_Driver\\src\\stm32f37x_iwdg.c 0x00000000   Number         0  stm32f37x_iwdg.o ABSOLUTE
    Libraries\\STM32F373xx_StdPeriph_Driver\\src\\stm32f37x_misc.c 0x00000000   Number         0  stm32f37x_misc.o ABSOLUTE
    Libraries\\STM32F373xx_StdPeriph_Driver\\src\\stm32f37x_pwr.c 0x00000000   Number         0  stm32f37x_pwr.o ABSOLUTE
    Libraries\\STM32F373xx_StdPeriph_Driver\\src\\stm32f37x_rcc.c 0x00000000   Number         0  stm32f37x_rcc.o ABSOLUTE
    Libraries\\STM32F373xx_StdPeriph_Driver\\src\\stm32f37x_rtc.c 0x00000000   Number         0  stm32f37x_rtc.o ABSOLUTE
    Libraries\\STM32F373xx_StdPeriph_Driver\\src\\stm32f37x_sdadc.c 0x00000000   Number         0  stm32f37x_sdadc.o ABSOLUTE
    Libraries\\STM32F373xx_StdPeriph_Driver\\src\\stm32f37x_spi.c 0x00000000   Number         0  stm32f37x_spi.o ABSOLUTE
    Libraries\\STM32F373xx_StdPeriph_Driver\\src\\stm32f37x_syscfg.c 0x00000000   Number         0  stm32f37x_syscfg.o ABSOLUTE
    Libraries\\STM32F373xx_StdPeriph_Driver\\src\\stm32f37x_tim.c 0x00000000   Number         0  stm32f37x_tim.o ABSOLUTE
    Libraries\\STM32F373xx_StdPeriph_Driver\\src\\stm32f37x_usart.c 0x00000000   Number         0  stm32f37x_usart.o ABSOLUTE
    Libraries\\STM32F373xx_StdPeriph_Driver\\src\\stm32f37x_wwdg.c 0x00000000   Number         0  stm32f37x_wwdg.o ABSOLUTE
    dc.s                                     0x00000000   Number         0  dc.o ABSOLUTE
    handlers.s                               0x00000000   Number         0  handlers.o ABSOLUTE
    init.s                                   0x00000000   Number         0  init.o ABSOLUTE
    RESET                                    0x08000000   Section      392  startup_stm32f37x.o(RESET)
    .ARM.Collect$$$$00000000                 0x08000188   Section        0  entry.o(.ARM.Collect$$$$00000000)
    .ARM.Collect$$$$00000001                 0x08000188   Section        4  entry2.o(.ARM.Collect$$$$00000001)
    .ARM.Collect$$$$00000004                 0x0800018c   Section        4  entry5.o(.ARM.Collect$$$$00000004)
    .ARM.Collect$$$$00000008                 0x08000190   Section        0  entry7b.o(.ARM.Collect$$$$00000008)
    .ARM.Collect$$$$0000000A                 0x08000190   Section        0  entry8b.o(.ARM.Collect$$$$0000000A)
    .ARM.Collect$$$$0000000B                 0x08000190   Section        8  entry9a.o(.ARM.Collect$$$$0000000B)
    .ARM.Collect$$$$0000000D                 0x08000198   Section        0  entry10a.o(.ARM.Collect$$$$0000000D)
    .ARM.Collect$$$$0000000F                 0x08000198   Section        0  entry11a.o(.ARM.Collect$$$$0000000F)
    .ARM.Collect$$$$00002712                 0x08000198   Section        4  entry2.o(.ARM.Collect$$$$00002712)
    __lit__00000000                          0x08000198   Data           4  entry2.o(.ARM.Collect$$$$00002712)
    .text                                    0x0800019c   Section       36  startup_stm32f37x.o(.text)
    $v0                                      0x0800019c   Number         0  startup_stm32f37x.o(.text)
    .text                                    0x080001c0   Section       36  init.o(.text)
    i.ADC_Cmd                                0x080001e4   Section        0  stm32f37x_adc.o(i.ADC_Cmd)
    i.ADC_DeInit                             0x080001fa   Section        0  stm32f37x_adc.o(i.ADC_DeInit)
    i.ADC_GetCalibrationStatus               0x08000212   Section        0  stm32f37x_adc.o(i.ADC_GetCalibrationStatus)
    i.ADC_GetConversionValue                 0x08000226   Section        0  stm32f37x_adc.o(i.ADC_GetConversionValue)
    i.ADC_GetFlagStatus                      0x0800022e   Section        0  stm32f37x_adc.o(i.ADC_GetFlagStatus)
    i.ADC_GetResetCalibrationStatus          0x08000240   Section        0  stm32f37x_adc.o(i.ADC_GetResetCalibrationStatus)
    i.ADC_Init                               0x08000254   Section        0  stm32f37x_adc.o(i.ADC_Init)
    i.ADC_RegularChannelConfig               0x0800029c   Section        0  stm32f37x_adc.o(i.ADC_RegularChannelConfig)
    i.ADC_ResetCalibration                   0x08000354   Section        0  stm32f37x_adc.o(i.ADC_ResetCalibration)
    i.ADC_SoftwareStartConv                  0x0800035e   Section        0  stm32f37x_adc.o(i.ADC_SoftwareStartConv)
    i.ADC_StartCalibration                   0x08000368   Section        0  stm32f37x_adc.o(i.ADC_StartCalibration)
    i.BusFault_Handler                       0x08000372   Section        0  stm32f37x_it.o(i.BusFault_Handler)
    i.DebugMon_Handler                       0x08000376   Section        0  stm32f37x_it.o(i.DebugMon_Handler)
    i.Delay_us                               0x08000378   Section        0  sys.o(i.Delay_us)
    i.GPIO_Init                              0x0800038e   Section        0  stm32f37x_gpio.o(i.GPIO_Init)
    i.GPIO_PinAFConfig                       0x0800041e   Section        0  stm32f37x_gpio.o(i.GPIO_PinAFConfig)
    i.Get_Adc                                0x08000464   Section        0  adc.o(i.Get_Adc)
    i.Get_Adc_Average                        0x08000498   Section        0  adc.o(i.Get_Adc_Average)
    i.HardFault_Handler                      0x080004c8   Section        0  stm32f37x_it.o(i.HardFault_Handler)
    i.Init_ADC                               0x080004cc   Section        0  adc.o(i.Init_ADC)
    i.Init_GPIO                              0x0800054c   Section        0  gpio.o(i.Init_GPIO)
    i.Init_Uart                              0x0800064c   Section        0  uart.o(i.Init_Uart)
    i.MemManage_Handler                      0x08000710   Section        0  stm32f37x_it.o(i.MemManage_Handler)
    i.NMI_Handler                            0x08000714   Section        0  stm32f37x_it.o(i.NMI_Handler)
    i.NVIC_Init                              0x08000718   Section        0  stm32f37x_misc.o(i.NVIC_Init)
    i.NVIC_PriorityGroupConfig               0x08000788   Section        0  stm32f37x_misc.o(i.NVIC_PriorityGroupConfig)
    i.PendSV_Handler                         0x0800079c   Section        0  stm32f37x_it.o(i.PendSV_Handler)
    i.RCC_ADCCLKConfig                       0x080007a0   Section        0  stm32f37x_rcc.o(i.RCC_ADCCLKConfig)
    i.RCC_AHBPeriphClockCmd                  0x080007bc   Section        0  stm32f37x_rcc.o(i.RCC_AHBPeriphClockCmd)
    i.RCC_APB1PeriphClockCmd                 0x080007dc   Section        0  stm32f37x_rcc.o(i.RCC_APB1PeriphClockCmd)
    i.RCC_APB2PeriphClockCmd                 0x080007fc   Section        0  stm32f37x_rcc.o(i.RCC_APB2PeriphClockCmd)
    i.RCC_APB2PeriphResetCmd                 0x0800081c   Section        0  stm32f37x_rcc.o(i.RCC_APB2PeriphResetCmd)
    i.RCC_GetClocksFreq                      0x0800083c   Section        0  stm32f37x_rcc.o(i.RCC_GetClocksFreq)
    i.SVC_Handler                            0x08000a50   Section        0  stm32f37x_it.o(i.SVC_Handler)
    i.SetSysClock                            0x08000a54   Section        0  system_stm32f37x.o(i.SetSysClock)
    SetSysClock                              0x08000a55   Thumb Code   208  system_stm32f37x.o(i.SetSysClock)
    i.SysTick_CLKSourceConfig                0x08000b2c   Section        0  stm32f37x_misc.o(i.SysTick_CLKSourceConfig)
    i.SysTick_Handler                        0x08000b54   Section        0  stm32f37x_it.o(i.SysTick_Handler)
    i.SysTick_Init                           0x08000b68   Section        0  sys.o(i.SysTick_Init)
    i.SystemInit                             0x08000bd4   Section        0  system_stm32f37x.o(i.SystemInit)
    i.Tim12_init                             0x08000c54   Section        0  pwm.o(i.Tim12_init)
    i.Tim2_init                              0x08000cd0   Section        0  pwm.o(i.Tim2_init)
    i.Tim5_init                              0x08000d18   Section        0  pwm.o(i.Tim5_init)
    i.USART1_IRQHandler                      0x08000d7c   Section        0  uart.o(i.USART1_IRQHandler)
    i.USART_ClearITPendingBit                0x08000d9c   Section        0  stm32f37x_usart.o(i.USART_ClearITPendingBit)
    i.USART_Cmd                              0x08000dae   Section        0  stm32f37x_usart.o(i.USART_Cmd)
    i.USART_GetITStatus                      0x08000dc4   Section        0  stm32f37x_usart.o(i.USART_GetITStatus)
    i.USART_ITConfig                         0x08000e0e   Section        0  stm32f37x_usart.o(i.USART_ITConfig)
    i.USART_Init                             0x08000e48   Section        0  stm32f37x_usart.o(i.USART_Init)
    i.UsageFault_Handler                     0x08000f14   Section        0  stm32f37x_it.o(i.UsageFault_Handler)
    i.__scatterload_copy                     0x08000f18   Section       14  handlers.o(i.__scatterload_copy)
    i.__scatterload_null                     0x08000f26   Section        2  handlers.o(i.__scatterload_null)
    i.__scatterload_zeroinit                 0x08000f28   Section       14  handlers.o(i.__scatterload_zeroinit)
    i.main                                   0x08000f38   Section        0  main.o(i.main)
    i.pwm_init                               0x08000f68   Section        0  pwm.o(i.pwm_init)
    .data                                    0x20000000   Section        2  main.o(.data)
    .data                                    0x20000004   Section       20  system_stm32f37x.o(.data)
    .data                                    0x20000018   Section       36  stm32f37x_rcc.o(.data)
    APBAHBPrescTable                         0x20000018   Data          16  stm32f37x_rcc.o(.data)
    ADCPrescTable                            0x20000028   Data           4  stm32f37x_rcc.o(.data)
    SDADCPrescTable                          0x2000002c   Data          16  stm32f37x_rcc.o(.data)
    STACK                                    0x20000040   Section     1024  startup_stm32f37x.o(STACK)

    Global Symbols

    Symbol Name                              Value     Ov Type        Size  Object(Section)

    BuildAttributes$$THM_ISAv4$E$P$D$K$B$S$7EM$VFPi3$EXTD16$VFPS$VFMA$PE$A:L22UL41UL21$X:L11$S22US41US21$IEEE1$IW$USESV6$~STKCKD$USESV7$~SHL$OSPACE$EBA8$MICROLIB$REQ8$PRES8$EABIv2 0x00000000   Number         0  anon$$obj.o ABSOLUTE
    __ARM_use_no_argv                        0x00000000   Number         0  main.o ABSOLUTE
    __cpp_initialize__aeabi_                  - Undefined Weak Reference
    __cxa_finalize                            - Undefined Weak Reference
    __decompress                              - Undefined Weak Reference
    _clock_init                               - Undefined Weak Reference
    _microlib_exit                            - Undefined Weak Reference
    __Vectors_Size                           0x00000188   Number         0  startup_stm32f37x.o ABSOLUTE
    __Vectors                                0x08000000   Data           4  startup_stm32f37x.o(RESET)
    __Vectors_End                            0x08000188   Data           0  startup_stm32f37x.o(RESET)
    __main                                   0x08000189   Thumb Code     0  entry.o(.ARM.Collect$$$$00000000)
    _main_stk                                0x08000189   Thumb Code     0  entry2.o(.ARM.Collect$$$$00000001)
    _main_scatterload                        0x0800018d   Thumb Code     0  entry5.o(.ARM.Collect$$$$00000004)
    __main_after_scatterload                 0x08000191   Thumb Code     0  entry5.o(.ARM.Collect$$$$00000004)
    _main_clock                              0x08000191   Thumb Code     0  entry7b.o(.ARM.Collect$$$$00000008)
    _main_cpp_init                           0x08000191   Thumb Code     0  entry8b.o(.ARM.Collect$$$$0000000A)
    _main_init                               0x08000191   Thumb Code     0  entry9a.o(.ARM.Collect$$$$0000000B)
    __rt_final_cpp                           0x08000199   Thumb Code     0  entry10a.o(.ARM.Collect$$$$0000000D)
    __rt_final_exit                          0x08000199   Thumb Code     0  entry11a.o(.ARM.Collect$$$$0000000F)
    Reset_Handler                            0x0800019d   Thumb Code     8  startup_stm32f37x.o(.text)
    ADC1_IRQHandler                          0x080001b7   Thumb Code     0  startup_stm32f37x.o(.text)
    CAN1_RX0_IRQHandler                      0x080001b7   Thumb Code     0  startup_stm32f37x.o(.text)
    CAN1_RX1_IRQHandler                      0x080001b7   Thumb Code     0  startup_stm32f37x.o(.text)
    CAN1_SCE_IRQHandler                      0x080001b7   Thumb Code     0  startup_stm32f37x.o(.text)
    CAN1_TX_IRQHandler                       0x080001b7   Thumb Code     0  startup_stm32f37x.o(.text)
    CEC_IRQHandler                           0x080001b7   Thumb Code     0  startup_stm32f37x.o(.text)
    COMP_IRQHandler                          0x080001b7   Thumb Code     0  startup_stm32f37x.o(.text)
    DMA1_Channel1_IRQHandler                 0x080001b7   Thumb Code     0  startup_stm32f37x.o(.text)
    DMA1_Channel2_IRQHandler                 0x080001b7   Thumb Code     0  startup_stm32f37x.o(.text)
    DMA1_Channel3_IRQHandler                 0x080001b7   Thumb Code     0  startup_stm32f37x.o(.text)
    DMA1_Channel4_IRQHandler                 0x080001b7   Thumb Code     0  startup_stm32f37x.o(.text)
    DMA1_Channel5_IRQHandler                 0x080001b7   Thumb Code     0  startup_stm32f37x.o(.text)
    DMA1_Channel6_IRQHandler                 0x080001b7   Thumb Code     0  startup_stm32f37x.o(.text)
    DMA1_Channel7_IRQHandler                 0x080001b7   Thumb Code     0  startup_stm32f37x.o(.text)
    DMA2_Channel1_IRQHandler                 0x080001b7   Thumb Code     0  startup_stm32f37x.o(.text)
    DMA2_Channel2_IRQHandler                 0x080001b7   Thumb Code     0  startup_stm32f37x.o(.text)
    DMA2_Channel3_IRQHandler                 0x080001b7   Thumb Code     0  startup_stm32f37x.o(.text)
    DMA2_Channel4_IRQHandler                 0x080001b7   Thumb Code     0  startup_stm32f37x.o(.text)
    DMA2_Channel5_IRQHandler                 0x080001b7   Thumb Code     0  startup_stm32f37x.o(.text)
    EXTI0_IRQHandler                         0x080001b7   Thumb Code     0  startup_stm32f37x.o(.text)
    EXTI15_10_IRQHandler                     0x080001b7   Thumb Code     0  startup_stm32f37x.o(.text)
    EXTI1_IRQHandler                         0x080001b7   Thumb Code     0  startup_stm32f37x.o(.text)
    EXTI2_TS_IRQHandler                      0x080001b7   Thumb Code     0  startup_stm32f37x.o(.text)
    EXTI3_IRQHandler                         0x080001b7   Thumb Code     0  startup_stm32f37x.o(.text)
    EXTI4_IRQHandler                         0x080001b7   Thumb Code     0  startup_stm32f37x.o(.text)
    EXTI9_5_IRQHandler                       0x080001b7   Thumb Code     0  startup_stm32f37x.o(.text)
    FLASH_IRQHandler                         0x080001b7   Thumb Code     0  startup_stm32f37x.o(.text)
    FPU_IRQHandler                           0x080001b7   Thumb Code     0  startup_stm32f37x.o(.text)
    I2C1_ER_IRQHandler                       0x080001b7   Thumb Code     0  startup_stm32f37x.o(.text)
    I2C1_EV_IRQHandler                       0x080001b7   Thumb Code     0  startup_stm32f37x.o(.text)
    I2C2_ER_IRQHandler                       0x080001b7   Thumb Code     0  startup_stm32f37x.o(.text)
    I2C2_EV_IRQHandler                       0x080001b7   Thumb Code     0  startup_stm32f37x.o(.text)
    PVD_IRQHandler                           0x080001b7   Thumb Code     0  startup_stm32f37x.o(.text)
    RCC_IRQHandler                           0x080001b7   Thumb Code     0  startup_stm32f37x.o(.text)
    RTC_Alarm_IRQHandler                     0x080001b7   Thumb Code     0  startup_stm32f37x.o(.text)
    RTC_WKUP_IRQHandler                      0x080001b7   Thumb Code     0  startup_stm32f37x.o(.text)
    SDADC1_IRQHandler                        0x080001b7   Thumb Code     0  startup_stm32f37x.o(.text)
    SDADC2_IRQHandler                        0x080001b7   Thumb Code     0  startup_stm32f37x.o(.text)
    SDADC3_IRQHandler                        0x080001b7   Thumb Code     0  startup_stm32f37x.o(.text)
    SPI1_IRQHandler                          0x080001b7   Thumb Code     0  startup_stm32f37x.o(.text)
    SPI2_IRQHandler                          0x080001b7   Thumb Code     0  startup_stm32f37x.o(.text)
    SPI3_IRQHandler                          0x080001b7   Thumb Code     0  startup_stm32f37x.o(.text)
    TAMPER_STAMP_IRQHandler                  0x080001b7   Thumb Code     0  startup_stm32f37x.o(.text)
    TIM12_IRQHandler                         0x080001b7   Thumb Code     0  startup_stm32f37x.o(.text)
    TIM13_IRQHandler                         0x080001b7   Thumb Code     0  startup_stm32f37x.o(.text)
    TIM14_IRQHandler                         0x080001b7   Thumb Code     0  startup_stm32f37x.o(.text)
    TIM15_IRQHandler                         0x080001b7   Thumb Code     0  startup_stm32f37x.o(.text)
    TIM16_IRQHandler                         0x080001b7   Thumb Code     0  startup_stm32f37x.o(.text)
    TIM17_IRQHandler                         0x080001b7   Thumb Code     0  startup_stm32f37x.o(.text)
    TIM18_DAC2_IRQHandler                    0x080001b7   Thumb Code     0  startup_stm32f37x.o(.text)
    TIM19_IRQHandler                         0x080001b7   Thumb Code     0  startup_stm32f37x.o(.text)
    TIM2_IRQHandler                          0x080001b7   Thumb Code     0  startup_stm32f37x.o(.text)
    TIM3_IRQHandler                          0x080001b7   Thumb Code     0  startup_stm32f37x.o(.text)
    TIM4_IRQHandler                          0x080001b7   Thumb Code     0  startup_stm32f37x.o(.text)
    TIM5_IRQHandler                          0x080001b7   Thumb Code     0  startup_stm32f37x.o(.text)
    TIM6_DAC1_IRQHandler                     0x080001b7   Thumb Code     0  startup_stm32f37x.o(.text)
    TIM7_IRQHandler                          0x080001b7   Thumb Code     0  startup_stm32f37x.o(.text)
    USART2_IRQHandler                        0x080001b7   Thumb Code     0  startup_stm32f37x.o(.text)
    USART3_IRQHandler                        0x080001b7   Thumb Code     0  startup_stm32f37x.o(.text)
    USBWakeUp_IRQHandler                     0x080001b7   Thumb Code     0  startup_stm32f37x.o(.text)
    USB_HP_IRQHandler                        0x080001b7   Thumb Code     0  startup_stm32f37x.o(.text)
    USB_LP_IRQHandler                        0x080001b7   Thumb Code     0  startup_stm32f37x.o(.text)
    WWDG_IRQHandler                          0x080001b7   Thumb Code     0  startup_stm32f37x.o(.text)
    __scatterload                            0x080001c1   Thumb Code    28  init.o(.text)
    __scatterload_rt2                        0x080001c1   Thumb Code     0  init.o(.text)
    ADC_Cmd                                  0x080001e5   Thumb Code    22  stm32f37x_adc.o(i.ADC_Cmd)
    ADC_DeInit                               0x080001fb   Thumb Code    24  stm32f37x_adc.o(i.ADC_DeInit)
    ADC_GetCalibrationStatus                 0x08000213   Thumb Code    20  stm32f37x_adc.o(i.ADC_GetCalibrationStatus)
    ADC_GetConversionValue                   0x08000227   Thumb Code     8  stm32f37x_adc.o(i.ADC_GetConversionValue)
    ADC_GetFlagStatus                        0x0800022f   Thumb Code    18  stm32f37x_adc.o(i.ADC_GetFlagStatus)
    ADC_GetResetCalibrationStatus            0x08000241   Thumb Code    20  stm32f37x_adc.o(i.ADC_GetResetCalibrationStatus)
    ADC_Init                                 0x08000255   Thumb Code    66  stm32f37x_adc.o(i.ADC_Init)
    ADC_RegularChannelConfig                 0x0800029d   Thumb Code   184  stm32f37x_adc.o(i.ADC_RegularChannelConfig)
    ADC_ResetCalibration                     0x08000355   Thumb Code    10  stm32f37x_adc.o(i.ADC_ResetCalibration)
    ADC_SoftwareStartConv                    0x0800035f   Thumb Code    10  stm32f37x_adc.o(i.ADC_SoftwareStartConv)
    ADC_StartCalibration                     0x08000369   Thumb Code    10  stm32f37x_adc.o(i.ADC_StartCalibration)
    BusFault_Handler                         0x08000373   Thumb Code     4  stm32f37x_it.o(i.BusFault_Handler)
    DebugMon_Handler                         0x08000377   Thumb Code     2  stm32f37x_it.o(i.DebugMon_Handler)
    Delay_us                                 0x08000379   Thumb Code    22  sys.o(i.Delay_us)
    GPIO_Init                                0x0800038f   Thumb Code   144  stm32f37x_gpio.o(i.GPIO_Init)
    GPIO_PinAFConfig                         0x0800041f   Thumb Code    70  stm32f37x_gpio.o(i.GPIO_PinAFConfig)
    Get_Adc                                  0x08000465   Thumb Code    46  adc.o(i.Get_Adc)
    Get_Adc_Average                          0x08000499   Thumb Code    48  adc.o(i.Get_Adc_Average)
    HardFault_Handler                        0x080004c9   Thumb Code     4  stm32f37x_it.o(i.HardFault_Handler)
    Init_ADC                                 0x080004cd   Thumb Code   124  adc.o(i.Init_ADC)
    Init_GPIO                                0x0800054d   Thumb Code   234  gpio.o(i.Init_GPIO)
    Init_Uart                                0x0800064d   Thumb Code   188  uart.o(i.Init_Uart)
    MemManage_Handler                        0x08000711   Thumb Code     4  stm32f37x_it.o(i.MemManage_Handler)
    NMI_Handler                              0x08000715   Thumb Code     2  stm32f37x_it.o(i.NMI_Handler)
    NVIC_Init                                0x08000719   Thumb Code   100  stm32f37x_misc.o(i.NVIC_Init)
    NVIC_PriorityGroupConfig                 0x08000789   Thumb Code    10  stm32f37x_misc.o(i.NVIC_PriorityGroupConfig)
    PendSV_Handler                           0x0800079d   Thumb Code     2  stm32f37x_it.o(i.PendSV_Handler)
    RCC_ADCCLKConfig                         0x080007a1   Thumb Code    22  stm32f37x_rcc.o(i.RCC_ADCCLKConfig)
    RCC_AHBPeriphClockCmd                    0x080007bd   Thumb Code    26  stm32f37x_rcc.o(i.RCC_AHBPeriphClockCmd)
    RCC_APB1PeriphClockCmd                   0x080007dd   Thumb Code    26  stm32f37x_rcc.o(i.RCC_APB1PeriphClockCmd)
    RCC_APB2PeriphClockCmd                   0x080007fd   Thumb Code    26  stm32f37x_rcc.o(i.RCC_APB2PeriphClockCmd)
    RCC_APB2PeriphResetCmd                   0x0800081d   Thumb Code    26  stm32f37x_rcc.o(i.RCC_APB2PeriphResetCmd)
    RCC_GetClocksFreq                        0x0800083d   Thumb Code   504  stm32f37x_rcc.o(i.RCC_GetClocksFreq)
    SVC_Handler                              0x08000a51   Thumb Code     2  stm32f37x_it.o(i.SVC_Handler)
    SysTick_CLKSourceConfig                  0x08000b2d   Thumb Code    40  stm32f37x_misc.o(i.SysTick_CLKSourceConfig)
    SysTick_Handler                          0x08000b55   Thumb Code    14  stm32f37x_it.o(i.SysTick_Handler)
    SysTick_Init                             0x08000b69   Thumb Code    94  sys.o(i.SysTick_Init)
    SystemInit                               0x08000bd5   Thumb Code   110  system_stm32f37x.o(i.SystemInit)
    Tim12_init                               0x08000c55   Thumb Code   118  pwm.o(i.Tim12_init)
    Tim2_init                                0x08000cd1   Thumb Code    72  pwm.o(i.Tim2_init)
    Tim5_init                                0x08000d19   Thumb Code    94  pwm.o(i.Tim5_init)
    USART1_IRQHandler                        0x08000d7d   Thumb Code    22  uart.o(i.USART1_IRQHandler)
    USART_ClearITPendingBit                  0x08000d9d   Thumb Code    18  stm32f37x_usart.o(i.USART_ClearITPendingBit)
    USART_Cmd                                0x08000daf   Thumb Code    22  stm32f37x_usart.o(i.USART_Cmd)
    USART_GetITStatus                        0x08000dc5   Thumb Code    74  stm32f37x_usart.o(i.USART_GetITStatus)
    USART_ITConfig                           0x08000e0f   Thumb Code    58  stm32f37x_usart.o(i.USART_ITConfig)
    USART_Init                               0x08000e49   Thumb Code   196  stm32f37x_usart.o(i.USART_Init)
    UsageFault_Handler                       0x08000f15   Thumb Code     4  stm32f37x_it.o(i.UsageFault_Handler)
    __scatterload_copy                       0x08000f19   Thumb Code    14  handlers.o(i.__scatterload_copy)
    __scatterload_null                       0x08000f27   Thumb Code     2  handlers.o(i.__scatterload_null)
    __scatterload_zeroinit                   0x08000f29   Thumb Code    14  handlers.o(i.__scatterload_zeroinit)
    main                                     0x08000f39   Thumb Code    44  main.o(i.main)
    pwm_init                                 0x08000f69   Thumb Code   160  pwm.o(i.pwm_init)
    Region$$Table$$Base                      0x08001010   Number         0  anon$$obj.o(Region$$Table)
    Region$$Table$$Limit                     0x08001030   Number         0  anon$$obj.o(Region$$Table)
    ADC_Value                                0x20000000   Data           2  main.o(.data)
    SystemCoreClock                          0x20000004   Data           4  system_stm32f37x.o(.data)
    AHBPrescTable                            0x20000008   Data          16  system_stm32f37x.o(.data)
    __initial_sp                             0x20000440   Data           0  startup_stm32f37x.o(STACK)



==============================================================================

Memory Map of the image

  Image Entry point : 0x08000189

  Load Region LR_IROM1 (Base: 0x08000000, Size: 0x0000106c, Max: 0x00040000, ABSOLUTE)

    Execution Region ER_IROM1 (Base: 0x08000000, Size: 0x00001030, Max: 0x00040000, ABSOLUTE)

    Base Addr    Size         Type   Attr      Idx    E Section Name        Object

    0x08000000   0x00000188   Data   RO          445    RESET               startup_stm32f37x.o
    0x08000188   0x00000000   Code   RO         4175  * .ARM.Collect$$$$00000000  mc_w.l(entry.o)
    0x08000188   0x00000004   Code   RO         4178    .ARM.Collect$$$$00000001  mc_w.l(entry2.o)
    0x0800018c   0x00000004   Code   RO         4181    .ARM.Collect$$$$00000004  mc_w.l(entry5.o)
    0x08000190   0x00000000   Code   RO         4183    .ARM.Collect$$$$00000008  mc_w.l(entry7b.o)
    0x08000190   0x00000000   Code   RO         4185    .ARM.Collect$$$$0000000A  mc_w.l(entry8b.o)
    0x08000190   0x00000008   Code   RO         4186    .ARM.Collect$$$$0000000B  mc_w.l(entry9a.o)
    0x08000198   0x00000000   Code   RO         4188    .ARM.Collect$$$$0000000D  mc_w.l(entry10a.o)
    0x08000198   0x00000000   Code   RO         4190    .ARM.Collect$$$$0000000F  mc_w.l(entry11a.o)
    0x08000198   0x00000004   Code   RO         4179    .ARM.Collect$$$$00002712  mc_w.l(entry2.o)
    0x0800019c   0x00000024   Code   RO          446    .text               startup_stm32f37x.o
    0x080001c0   0x00000024   Code   RO         4192    .text               mc_w.l(init.o)
    0x080001e4   0x00000016   Code   RO          458    i.ADC_Cmd           stm32f37x_adc.o
    0x080001fa   0x00000018   Code   RO          461    i.ADC_DeInit        stm32f37x_adc.o
    0x08000212   0x00000014   Code   RO          467    i.ADC_GetCalibrationStatus  stm32f37x_adc.o
    0x08000226   0x00000008   Code   RO          468    i.ADC_GetConversionValue  stm32f37x_adc.o
    0x0800022e   0x00000012   Code   RO          469    i.ADC_GetFlagStatus  stm32f37x_adc.o
    0x08000240   0x00000014   Code   RO          472    i.ADC_GetResetCalibrationStatus  stm32f37x_adc.o
    0x08000254   0x00000048   Code   RO          476    i.ADC_Init          stm32f37x_adc.o
    0x0800029c   0x000000b8   Code   RO          480    i.ADC_RegularChannelConfig  stm32f37x_adc.o
    0x08000354   0x0000000a   Code   RO          481    i.ADC_ResetCalibration  stm32f37x_adc.o
    0x0800035e   0x0000000a   Code   RO          483    i.ADC_SoftwareStartConv  stm32f37x_adc.o
    0x08000368   0x0000000a   Code   RO          485    i.ADC_StartCalibration  stm32f37x_adc.o
    0x08000372   0x00000004   Code   RO          139    i.BusFault_Handler  stm32f37x_it.o
    0x08000376   0x00000002   Code   RO          140    i.DebugMon_Handler  stm32f37x_it.o
    0x08000378   0x00000016   Code   RO          239    i.Delay_us          sys.o
    0x0800038e   0x00000090   Code   RO         1612    i.GPIO_Init         stm32f37x_gpio.o
    0x0800041e   0x00000046   Code   RO         1613    i.GPIO_PinAFConfig  stm32f37x_gpio.o
    0x08000464   0x00000034   Code   RO          310    i.Get_Adc           adc.o
    0x08000498   0x00000030   Code   RO          311    i.Get_Adc_Average   adc.o
    0x080004c8   0x00000004   Code   RO          141    i.HardFault_Handler  stm32f37x_it.o
    0x080004cc   0x00000080   Code   RO          312    i.Init_ADC          adc.o
    0x0800054c   0x00000100   Code   RO          213    i.Init_GPIO         gpio.o
    0x0800064c   0x000000c4   Code   RO          345    i.Init_Uart         uart.o
    0x08000710   0x00000004   Code   RO          142    i.MemManage_Handler  stm32f37x_it.o
    0x08000714   0x00000002   Code   RO          143    i.NMI_Handler       stm32f37x_it.o
    0x08000716   0x00000002   PAD
    0x08000718   0x00000070   Code   RO         2025    i.NVIC_Init         stm32f37x_misc.o
    0x08000788   0x00000014   Code   RO         2026    i.NVIC_PriorityGroupConfig  stm32f37x_misc.o
    0x0800079c   0x00000002   Code   RO          144    i.PendSV_Handler    stm32f37x_it.o
    0x0800079e   0x00000002   PAD
    0x080007a0   0x0000001c   Code   RO         2149    i.RCC_ADCCLKConfig  stm32f37x_rcc.o
    0x080007bc   0x00000020   Code   RO         2150    i.RCC_AHBPeriphClockCmd  stm32f37x_rcc.o
    0x080007dc   0x00000020   Code   RO         2152    i.RCC_APB1PeriphClockCmd  stm32f37x_rcc.o
    0x080007fc   0x00000020   Code   RO         2154    i.RCC_APB2PeriphClockCmd  stm32f37x_rcc.o
    0x0800081c   0x00000020   Code   RO         2155    i.RCC_APB2PeriphResetCmd  stm32f37x_rcc.o
    0x0800083c   0x00000214   Code   RO         2163    i.RCC_GetClocksFreq  stm32f37x_rcc.o
    0x08000a50   0x00000002   Code   RO          145    i.SVC_Handler       stm32f37x_it.o
    0x08000a52   0x00000002   PAD
    0x08000a54   0x000000d8   Code   RO          386    i.SetSysClock       system_stm32f37x.o
    0x08000b2c   0x00000028   Code   RO         2029    i.SysTick_CLKSourceConfig  stm32f37x_misc.o
    0x08000b54   0x00000014   Code   RO          146    i.SysTick_Handler   stm32f37x_it.o
    0x08000b68   0x0000006c   Code   RO          240    i.SysTick_Init      sys.o
    0x08000bd4   0x00000080   Code   RO          388    i.SystemInit        system_stm32f37x.o
    0x08000c54   0x0000007c   Code   RO          269    i.Tim12_init        pwm.o
    0x08000cd0   0x00000048   Code   RO          270    i.Tim2_init         pwm.o
    0x08000d18   0x00000064   Code   RO          271    i.Tim5_init         pwm.o
    0x08000d7c   0x00000020   Code   RO          346    i.USART1_IRQHandler  uart.o
    0x08000d9c   0x00000012   Code   RO         3811    i.USART_ClearITPendingBit  stm32f37x_usart.o
    0x08000dae   0x00000016   Code   RO         3814    i.USART_Cmd         stm32f37x_usart.o
    0x08000dc4   0x0000004a   Code   RO         3823    i.USART_GetITStatus  stm32f37x_usart.o
    0x08000e0e   0x0000003a   Code   RO         3825    i.USART_ITConfig    stm32f37x_usart.o
    0x08000e48   0x000000cc   Code   RO         3826    i.USART_Init        stm32f37x_usart.o
    0x08000f14   0x00000004   Code   RO          147    i.UsageFault_Handler  stm32f37x_it.o
    0x08000f18   0x0000000e   Code   RO         4196    i.__scatterload_copy  mc_w.l(handlers.o)
    0x08000f26   0x00000002   Code   RO         4197    i.__scatterload_null  mc_w.l(handlers.o)
    0x08000f28   0x0000000e   Code   RO         4198    i.__scatterload_zeroinit  mc_w.l(handlers.o)
    0x08000f36   0x00000002   PAD
    0x08000f38   0x00000030   Code   RO            3    i.main              main.o
    0x08000f68   0x000000a8   Code   RO          272    i.pwm_init          pwm.o
    0x08001010   0x00000020   Data   RO         4194    Region$$Table       anon$$obj.o


    Execution Region RW_IRAM1 (Base: 0x20000000, Size: 0x00000440, Max: 0x00008000, ABSOLUTE)

    Base Addr    Size         Type   Attr      Idx    E Section Name        Object

    0x20000000   0x00000002   Data   RW            4    .data               main.o
    0x20000002   0x00000002   PAD
    0x20000004   0x00000014   Data   RW          389    .data               system_stm32f37x.o
    0x20000018   0x00000024   Data   RW         2188    .data               stm32f37x_rcc.o
    0x2000003c   0x00000004   PAD
    0x20000040   0x00000400   Zero   RW          443    STACK               startup_stm32f37x.o


==============================================================================

Image component sizes


      Code (inc. data)   RO Data    RW Data    ZI Data      Debug   Object Name

       228         10          0          0          0       1767   adc.o
       256         22          0          0          0        548   gpio.o
        48          4          0          2          0     199739   main.o
       464         20          0          0          0       2104   pwm.o
        36          8        392          0       1024        896   startup_stm32f37x.o
       398          6          0          0          0       8043   stm32f37x_adc.o
       214          0          0          0          0       2015   stm32f37x_gpio.o
        44          6          0          0          0       4286   stm32f37x_it.o
       172         22          0          0          0       2501   stm32f37x_misc.o
       688         58          0         36          0       6226   stm32f37x_rcc.o
       376          8          0          0          0       4760   stm32f37x_usart.o
       130         14          0          0          0      26549   sys.o
       344         26          0         20          0       2017   system_stm32f37x.o
       228         18          0          0          0       1200   uart.o

    ----------------------------------------------------------------------
      3632        222        424         60       1028     262651   Object Totals
         0          0         32          0          0          0   (incl. Generated)
         6          0          0          2          4          0   (incl. Padding)

    ----------------------------------------------------------------------

      Code (inc. data)   RO Data    RW Data    ZI Data      Debug   Library Member Name

         0          0          0          0          0          0   entry.o
         0          0          0          0          0          0   entry10a.o
         0          0          0          0          0          0   entry11a.o
         8          4          0          0          0          0   entry2.o
         4          0          0          0          0          0   entry5.o
         0          0          0          0          0          0   entry7b.o
         0          0          0          0          0          0   entry8b.o
         8          4          0          0          0          0   entry9a.o
        30          0          0          0          0          0   handlers.o
        36          8          0          0          0         68   init.o

    ----------------------------------------------------------------------
        88         16          0          0          0         68   Library Totals
         2          0          0          0          0          0   (incl. Padding)

    ----------------------------------------------------------------------

      Code (inc. data)   RO Data    RW Data    ZI Data      Debug   Library Name

        86         16          0          0          0         68   mc_w.l

    ----------------------------------------------------------------------
        88         16          0          0          0         68   Library Totals

    ----------------------------------------------------------------------

==============================================================================


      Code (inc. data)   RO Data    RW Data    ZI Data      Debug   

      3720        238        424         60       1028     258323   Grand Totals
      3720        238        424         60       1028     258323   ELF Image Totals
      3720        238        424         60          0          0   ROM Totals

==============================================================================

    Total RO  Size (Code + RO Data)                 4144 (   4.05kB)
    Total RW  Size (RW Data + ZI Data)              1088 (   1.06kB)
    Total ROM Size (Code + RO Data + RW Data)       4204 (   4.11kB)

==============================================================================

